################################################################################
#                                                                              #
#      IAR Universal Linker V4.61O/W32                                         #
#                                                                              #
#           Link time     =  20/Jun/2023  21:58:47                             #
#           Target CPU    =  MSP430                                            #
#           List file     =  "C:\Program Files (x86)\ChronosSoftware\eZ430-Chr #
#                            onos\Software Projects\Chronos Watch\IAR\Sports W #
#                            atch\915MHz - Limited IAR Kickstart (USA)\List\ez #
#                            430_chronos_915MHz.map"                           #
#           Output file 1 =  "C:\Program Files (x86)\ChronosSoftware\eZ430-Chr #
#                            onos\Software Projects\Chronos Watch\IAR\Sports W #
#                            atch\915MHz - Limited IAR Kickstart (USA)\Exe\ez4 #
#                            30_chronos_915MHz.d43"                            #
#                            Format: debug                                     #
#                            UBROF version 10.0.2                              #
#                            Using library modules for C-SPY (-rt)             #
#           Command line  =  --ks_version                                      #
#                            "C:\Program Files (x86)\ChronosSoftware\eZ430-Chr #
#                            onos\Software Projects\Chronos Watch\IAR\Sports W #
#                            atch\915MHz - Limited IAR Kickstart (USA)\Obj\acc #
#                            eleration.r43"                                    #
#                            "C:\Program Files (x86)\ChronosSoftware\eZ430-Chr #
#                            onos\Software Projects\Chronos Watch\IAR\Sports W #
#                            atch\915MHz - Limited IAR Kickstart (USA)\Obj\ala #
#                            rm.r43"                                           #
#                            "C:\Program Files (x86)\ChronosSoftware\eZ430-Chr #
#                            onos\Software Projects\Chronos Watch\IAR\Sports W #
#                            atch\915MHz - Limited IAR Kickstart (USA)\Obj\alt #
#                            itude.r43"                                        #
#                            "C:\Program Files (x86)\ChronosSoftware\eZ430-Chr #
#                            onos\Software Projects\Chronos Watch\IAR\Sports W #
#                            atch\915MHz - Limited IAR Kickstart (USA)\Obj\bat #
#                            tery.r43"                                         #
#                            "C:\Program Files (x86)\ChronosSoftware\eZ430-Chr #
#                            onos\Software Projects\Chronos Watch\IAR\Sports W #
#                            atch\915MHz - Limited IAR Kickstart (USA)\Obj\blu #
#                            erobin.r43"                                       #
#                            "C:\Program Files (x86)\ChronosSoftware\eZ430-Chr #
#                            onos\Software Projects\Chronos Watch\IAR\Sports W #
#                            atch\915MHz - Limited IAR Kickstart (USA)\Obj\clo #
#                            ck.r43"                                           #
#                            "C:\Program Files (x86)\ChronosSoftware\eZ430-Chr #
#                            onos\Software Projects\Chronos Watch\IAR\Sports W #
#                            atch\915MHz - Limited IAR Kickstart (USA)\Obj\dat #
#                            e.r43"                                            #
#                            "C:\Program Files (x86)\ChronosSoftware\eZ430-Chr #
#                            onos\Software Projects\Chronos Watch\IAR\Sports W #
#                            atch\915MHz - Limited IAR Kickstart (USA)\Obj\mai #
#                            n.r43"                                            #
#                            "C:\Program Files (x86)\ChronosSoftware\eZ430-Chr #
#                            onos\Software Projects\Chronos Watch\IAR\Sports W #
#                            atch\915MHz - Limited IAR Kickstart (USA)\Obj\men #
#                            u.r43"                                            #
#                            "C:\Program Files (x86)\ChronosSoftware\eZ430-Chr #
#                            onos\Software Projects\Chronos Watch\IAR\Sports W #
#                            atch\915MHz - Limited IAR Kickstart (USA)\Obj\rfb #
#                            sl.r43"                                           #
#                            "C:\Program Files (x86)\ChronosSoftware\eZ430-Chr #
#                            onos\Software Projects\Chronos Watch\IAR\Sports W #
#                            atch\915MHz - Limited IAR Kickstart (USA)\Obj\rfs #
#                            impliciti.r43"                                    #
#                            "C:\Program Files (x86)\ChronosSoftware\eZ430-Chr #
#                            onos\Software Projects\Chronos Watch\IAR\Sports W #
#                            atch\915MHz - Limited IAR Kickstart (USA)\Obj\sto #
#                            pwatch.r43"                                       #
#                            "C:\Program Files (x86)\ChronosSoftware\eZ430-Chr #
#                            onos\Software Projects\Chronos Watch\IAR\Sports W #
#                            atch\915MHz - Limited IAR Kickstart (USA)\Obj\tem #
#                            perature.r43"                                     #
#                            "C:\Program Files (x86)\ChronosSoftware\eZ430-Chr #
#                            onos\Software Projects\Chronos Watch\IAR\Sports W #
#                            atch\915MHz - Limited IAR Kickstart (USA)\Obj\tes #
#                            t.r43"                                            #
#                            "C:\Program Files (x86)\ChronosSoftware\eZ430-Chr #
#                            onos\Software Projects\Chronos Watch\IAR\Sports W #
#                            atch\915MHz - Limited IAR Kickstart (USA)\Obj\use #
#                            r.r43"                                            #
#                            "C:\Program Files (x86)\ChronosSoftware\eZ430-Chr #
#                            onos\Software Projects\Chronos Watch\IAR\Sports W #
#                            atch\bluerobin\BlueRobin_RX_915MHz.r43"           #
#                            "C:\Program Files (x86)\ChronosSoftware\eZ430-Chr #
#                            onos\Software Projects\Chronos Watch\IAR\Sports W #
#                            atch\driver\ez430_chronos_codesize_limited_driver #
#                            s.r43"                                            #
#                            "C:\Program Files (x86)\ChronosSoftware\eZ430-Chr #
#                            onos\Software Projects\Chronos Watch\IAR\Sports W #
#                            atch\simpliciti\CC430_End_Device_915MHz.r43"      #
#                            -o                                                #
#                            "C:\Program Files (x86)\ChronosSoftware\eZ430-Chr #
#                            onos\Software Projects\Chronos Watch\IAR\Sports W #
#                            atch\915MHz - Limited IAR Kickstart (USA)\Exe\ez4 #
#                            30_chronos_915MHz.d43"                            #
#                            -l                                                #
#                            "C:\Program Files (x86)\ChronosSoftware\eZ430-Chr #
#                            onos\Software Projects\Chronos Watch\IAR\Sports W #
#                            atch\915MHz - Limited IAR Kickstart (USA)\List\ez #
#                            430_chronos_915MHz.map"                           #
#                            -xms                                              #
#                            "-IC:\Program Files (x86)\ChronosSoftware\IAR Sys #
#                            tems\Embedded Workbench 5.4 Kickstart\430\LIB\"   #
#                            -f                                                #
#                            "C:\Program Files (x86)\ChronosSoftware\IAR Syste #
#                            ms\Embedded Workbench 5.4 Kickstart\430\CONFIG\ln #
#                            kCC430F6137.xcl"                                  #
#                            (-cmsp430                                         #
#                            -Z(DATA)DATA16_I,DATA16_Z,DATA16_N,DATA16_HEAP+_D #
#                            ATA16_HEAP_SIZE=1C00-2BFD                         #
#                            -Z(DATA)CSTACK+_STACK_SIZE#                       #
#                            -Z(CODE)INFO=1800-19FF -Z(CODE)INFOA=1980-19FF    #
#                            -Z(CODE)INFOB=1900-197F -Z(CODE)INFOC=1880-18FF   #
#                            -Z(CODE)INFOD=1800-187F                           #
#                            -Z(CONST)DATA16_C,DATA16_ID,DIFUNCT,CHECKSUM=8000 #
#                            -FF7F                                             #
#                            -Z(CODE)CSTART,ISR_CODE=8000-FF7F                 #
#                            -P(CODE)CODE=8000-FF7F -Z(CODE)INTVEC=FF80-FFFF   #
#                            -Z(CODE)RESET=FFFE-FFFF) -D_STACK_SIZE=100 -rt    #
#                            "C:\Program Files (x86)\ChronosSoftware\IAR Syste #
#                            ms\Embedded Workbench 5.4 Kickstart\430\LIB\DLIB\ #
#                            dl430xsfn.r43"                                    #
#                            -e_PrintfLarge=_Printf -e_ScanfLarge=_Scanf       #
#                            -D_DATA16_HEAP_SIZE=50 -s __program_start         #
#                            -D_DATA20_HEAP_SIZE=50                            #
#                                                                              #
#                           Copyright (C) 1987-2009 IAR Systems AB.            #
################################################################################





                ****************************************
                *                                      *
                *           CROSS REFERENCE            *
                *                                      *
                ****************************************

       Program entry at :           8662  Relocatable, from module : ?cstart




                ****************************************
                *                                      *
                *            RUNTIME MODEL             *
                *                                      *
                ****************************************

  __core                 = 430X
  __data_model           = small
  __dlib_file_descriptor = 0
  __double_size          = 32
  __pic                  = no
  __reg_r4               = free
  __reg_r5               = free
  __rt_version           = 3



                ****************************************
                *                                      *
                *              MODULE MAP              *
                *                                      *
                ****************************************


  DEFINED ABSOLUTE ENTRIES
    *************************************************************************

  DEFINED ABSOLUTE ENTRIES
  PROGRAM MODULE, NAME : ?ABS_ENTRY_MOD

Absolute parts
           ENTRY                   ADDRESS         REF BY
           =====                   =======         ======
           _DATA20_HEAP_SIZE       0050 
           _DATA16_HEAP_SIZE       0050 
           _STACK_SIZE             0100 
    *************************************************************************

  FILE NAME : C:\Program Files (x86)\ChronosSoftware\eZ430-Chronos\Software Projects\Chronos Watch\IAR\Sports Watch\915MHz - Limited IAR Kickstart (USA)\Obj\acceleration.r43
  PROGRAM MODULE, NAME : acceleration

  SEGMENTS IN THE MODULE
  ======================
DATA16_Z
  Relative segment, address: 1C78 - 1C81 (0xa bytes), align: 1
  Segment part 3.             Intra module refs:   display_acceleration
                                                   do_acceleration_measurement
                                                   is_acceleration_measurement
                                                   reset_acceleration
                                                   sx_acceleration
           ENTRY                   ADDRESS         REF BY
           =====                   =======         ======
           sAccel                  1C78            TIMER0_A0_ISR (timer)
                                                   simpliciti_get_ed_data_callback (rfsimpliciti)
                                                   test_mode (test)
    -------------------------------------------------------------------------
DATA16_C
  Relative segment, address: 817A - 817D (0x4 bytes), align: 0
  Segment part 2.             Intra module refs:   display_acceleration
    -------------------------------------------------------------------------
DATA16_C
  Relative segment, address: 8000 - 800D (0xe bytes), align: 1
  Segment part 4.             Intra module refs:   convert_acceleration_value_to_mgrav
           ENTRY                   ADDRESS         REF BY
           =====                   =======         ======
           mgrav_per_bit           8000 
    -------------------------------------------------------------------------
<CODE> 1 (was CODE)
  Relative segment, address: F9E8 - F9F5 (0xe bytes), align: 1
  Segment part 11.
           ENTRY                   ADDRESS         REF BY
           =====                   =======         ======
           reset_acceleration      F9E8            init_global_variables (main)
               CSTACK = 00000000 ( 00000004 )
    -------------------------------------------------------------------------
<CODE> 1 (was CODE)
  Relative segment, address: F332 - F34D (0x1c bytes), align: 1
  Segment part 10.
           ENTRY                   ADDRESS         REF BY
           =====                   =======         ======
           sx_acceleration         F332            menu_L1_Acceleration (menu)
               calls direct
               CSTACK = 00000000 ( 00000004 )
    -------------------------------------------------------------------------
<CODE> 1 (was CODE)
  Relative segment, address: FB2C - FB35 (0xa bytes), align: 1
  Segment part 5.             Intra module refs:   convert_acceleration_value_to_mgrav
                                                   display_acceleration
           ENTRY                   ADDRESS         REF BY
           =====                   =======         ======
           acceleration_value_is_positive
                                   FB2C 
               CSTACK = 00000000 ( 00000004 )
    -------------------------------------------------------------------------
<CODE> 1 (was CODE)
  Relative segment, address: E126 - E16F (0x4a bytes), align: 1
  Segment part 6.             Intra module refs:   display_acceleration
           ENTRY                   ADDRESS         REF BY
           =====                   =======         ======
           convert_acceleration_value_to_mgrav
                                   E126 
               calls direct
               CSTACK = 00000000 ( 00000010 )
    -------------------------------------------------------------------------
<CODE> 1 (was CODE)
  Relative segment, address: F558 - F56F (0x18 bytes), align: 1
  Segment part 7.             Intra module refs:   display_acceleration
           ENTRY                   ADDRESS         REF BY
           =====                   =======         ======
           is_acceleration_measurement
                                   F558            TIMER0_A0_ISR (timer)
               CSTACK = 00000000 ( 00000004 )
    -------------------------------------------------------------------------
<CODE> 1 (was CODE)
  Relative segment, address: F886 - F895 (0x10 bytes), align: 1
  Segment part 9.
           ENTRY                   ADDRESS         REF BY
           =====                   =======         ======
           do_acceleration_measurement
                                   F886            process_requests (main)
               calls direct
               CSTACK = 00000000 ( 00000004 )
    -------------------------------------------------------------------------
<CODE> 1 (was CODE)
  Relative segment, address: A4D2 - A62B (0x15a bytes), align: 1
  Segment part 8.
           ENTRY                   ADDRESS         REF BY
           =====                   =======         ======
           display_acceleration    A4D2            menu_L1_Acceleration (menu)
               calls direct
               CSTACK = 00000000 ( 00000010 )

    *************************************************************************

  FILE NAME : C:\Program Files (x86)\ChronosSoftware\eZ430-Chronos\Software Projects\Chronos Watch\IAR\Sports Watch\915MHz - Limited IAR Kickstart (USA)\Obj\alarm.r43
  PROGRAM MODULE, NAME : alarm

  SEGMENTS IN THE MODULE
  ======================
DATA16_Z
  Relative segment, address: 1DA4 - 1DA7 (0x4 bytes), align: 0
  Segment part 2.             Intra module refs:   check_alarm
                                                   display_alarm
                                                   mx_alarm
                                                   reset_alarm
                                                   stop_alarm
                                                   sx_alarm
           ENTRY                   ADDRESS         REF BY
           =====                   =======         ======
           sAlarm                  1DA4            PORT2_ISR (ports)
                                                   TIMER0_A0_ISR (timer)
                                                   simpliciti_sync_decode_ap_cmd_callback (rfsimpliciti)
                                                   simpliciti_sync_get_data_callback (rfsimpliciti)
    -------------------------------------------------------------------------
<CODE> 1 (was CODE)
  Relative segment, address: F4C8 - F4DF (0x18 bytes), align: 1
  Segment part 8.
           ENTRY                   ADDRESS         REF BY
           =====                   =======         ======
           reset_alarm             F4C8            init_global_variables (main)
               CSTACK = 00000000 ( 00000004 )
    -------------------------------------------------------------------------
<CODE> 1 (was CODE)
  Relative segment, address: F3DA - F3F5 (0x1c bytes), align: 1
  Segment part 7.
           ENTRY                   ADDRESS         REF BY
           =====                   =======         ======
           check_alarm             F3DA            TIMER0_A0_ISR (timer)
               CSTACK = 00000000 ( 00000004 )
    -------------------------------------------------------------------------
<CODE> 1 (was CODE)
  Relative segment, address: FBD4 - FBDB (0x8 bytes), align: 1
  Segment part 6.
           ENTRY                   ADDRESS         REF BY
           =====                   =======         ======
           stop_alarm              FBD4            PORT2_ISR (ports)
                                                   TIMER0_A0_ISR (timer)
               calls direct
               CSTACK = 00000000 ( 00000004 )
    -------------------------------------------------------------------------
<CODE> 1 (was CODE)
  Relative segment, address: E9E0 - EA11 (0x32 bytes), align: 1
  Segment part 5.
           ENTRY                   ADDRESS         REF BY
           =====                   =======         ======
           sx_alarm                E9E0            menu_L1_Alarm (menu)
               CSTACK = 00000000 ( 00000004 )
    -------------------------------------------------------------------------
<CODE> 1 (was CODE)
  Relative segment, address: B590 - B681 (0xf2 bytes), align: 1
  Segment part 4.
           ENTRY                   ADDRESS         REF BY
           =====                   =======         ======
           mx_alarm                B590            menu_L1_Alarm (menu)
               calls direct
               CSTACK = 00000000 ( 0000001A )
    -------------------------------------------------------------------------
<CODE> 1 (was CODE)
  Relative segment, address: B858 - B93D (0xe6 bytes), align: 1
  Segment part 3.
           ENTRY                   ADDRESS         REF BY
           =====                   =======         ======
           display_alarm           B858            menu_L1_Alarm (menu)
               calls direct
               CSTACK = 00000000 ( 0000000C )

    *************************************************************************

  FILE NAME : C:\Program Files (x86)\ChronosSoftware\eZ430-Chronos\Software Projects\Chronos Watch\IAR\Sports Watch\915MHz - Limited IAR Kickstart (USA)\Obj\altitude.r43
  PROGRAM MODULE, NAME : altitude

  SEGMENTS IN THE MODULE
  ======================
DATA16_AN
  Relative segment, address: 0200 - 0201 (0x2 bytes), align: 0
  Segment part 1. ROOT.       Intra module refs:   PORT2_ISR (ports)
                                                   TIMER0_A0_ISR (timer)
                                                   button_repeat_function (ports)
                                                   do_altitude_measurement
                                                   simpliciti_get_ed_data_callback (rfsimpliciti)
                                                   start_altitude_measurement
                                                   test_mode (test)
                                                   wakeup_event (main)
           ENTRY                   ADDRESS         REF BY
           =====                   =======         ======
           _A_PAIN_L               0200 
    -------------------------------------------------------------------------
DATA16_AN
  Relative segment, address: 021A - 021B (0x2 bytes), align: 0
  Segment part 2. ROOT.       Intra module refs:   PORT2_ISR (ports)
                                                   as_start (vti_as)
                                                   as_stop (vti_as)
                                                   init_buttons (ports)
                                                   start_altitude_measurement
                                                   stop_altitude_measurement
           ENTRY                   ADDRESS         REF BY
           =====                   =======         ======
           _A_PAIE_L               021A 
    -------------------------------------------------------------------------
DATA16_AN
  Relative segment, address: 021C - 021D (0x2 bytes), align: 0
  Segment part 3. ROOT.       Intra module refs:   PORT2_ISR (ports)
                                                   as_start (vti_as)
                                                   init_buttons (ports)
                                                   start_altitude_measurement
                                                   start_simpliciti_sync (rfsimpliciti)
                                                   start_simpliciti_tx_only (rfsimpliciti)
                                                   stop_altitude_measurement
           ENTRY                   ADDRESS         REF BY
           =====                   =======         ======
           _A_PAIFG_L              021C 
    -------------------------------------------------------------------------
DATA16_Z
  Relative segment, address: 1C82 - 1C8F (0xe bytes), align: 1
  Segment part 6.             Intra module refs:   display_altitude
                                                   do_altitude_measurement
                                                   is_altitude_measurement
                                                   mx_altitude
                                                   reset_altitude_measurement
                                                   start_altitude_measurement
                                                   stop_altitude_measurement
           ENTRY                   ADDRESS         REF BY
           =====                   =======         ======
           sAlt                    1C82            TIMER0_A0_ISR (timer)
                                                   read_calibration_values (main)
                                                   simpliciti_sync_decode_ap_cmd_callback (rfsimpliciti)
                                                   simpliciti_sync_get_data_callback (rfsimpliciti)
    -------------------------------------------------------------------------
<CODE> 1 (was CODE)
  Relative segment, address: E3D4 - E413 (0x40 bytes), align: 1
  Segment part 16.
           ENTRY                   ADDRESS         REF BY
           =====                   =======         ======
           reset_altitude_measurement
                                   E3D4            init_global_variables (main)
               calls direct
               CSTACK = 00000000 ( 00000004 )
    -------------------------------------------------------------------------
<CODE> 1 (was CODE)
  Relative segment, address: F34E - F369 (0x1c bytes), align: 1
  Segment part 8.             Intra module refs:   display_altitude
                                                   mx_altitude
           ENTRY                   ADDRESS         REF BY
           =====                   =======         ======
           convert_m_to_ft         F34E 
               CSTACK = 00000000 ( 00000004 )
    -------------------------------------------------------------------------
<CODE> 1 (was CODE)
  Relative segment, address: F42E - F449 (0x1c bytes), align: 1
  Segment part 12.            Intra module refs:   mx_altitude
           ENTRY                   ADDRESS         REF BY
           =====                   =======         ======
           convert_ft_to_m         F42E 
               CSTACK = 00000000 ( 00000004 )
    -------------------------------------------------------------------------
<CODE> 1 (was CODE)
  Relative segment, address: F4F8 - F50F (0x18 bytes), align: 1
  Segment part 15.
           ENTRY                   ADDRESS         REF BY
           =====                   =======         ======
           is_altitude_measurement
                                   F4F8            TIMER0_A0_ISR (timer)
               CSTACK = 00000000 ( 00000004 )
    -------------------------------------------------------------------------
<CODE> 1 (was CODE)
  Relative segment, address: E414 - E453 (0x40 bytes), align: 1
  Segment part 10.            Intra module refs:   display_altitude
                                                   reset_altitude_measurement
           ENTRY                   ADDRESS         REF BY
           =====                   =======         ======
           start_altitude_measurement
                                   E414            start_simpliciti_sync (rfsimpliciti)
               calls direct
               CSTACK = 00000000 ( 00000004 )
    -------------------------------------------------------------------------
<CODE> 1 (was CODE)
  Relative segment, address: F316 - F331 (0x1c bytes), align: 1
  Segment part 7.             Intra module refs:   display_altitude
                                                   reset_altitude_measurement
           ENTRY                   ADDRESS         REF BY
           =====                   =======         ======
           stop_altitude_measurement
                                   F316            TIMER0_A0_ISR (timer)
                                                   start_simpliciti_sync (rfsimpliciti)
                                                   test_mode (test)
               calls direct
               CSTACK = 00000000 ( 00000004 )
    -------------------------------------------------------------------------
<CODE> 1 (was CODE)
  Relative segment, address: C476 - C519 (0xa4 bytes), align: 1
  Segment part 9.             Intra module refs:   start_altitude_measurement
           ENTRY                   ADDRESS         REF BY
           =====                   =======         ======
           do_altitude_measurement
                                   C476            process_requests (main)
                                                   test_mode (test)
               calls direct
               CSTACK = 00000000 ( 00000010 )
    -------------------------------------------------------------------------
<CODE> 1 (was CODE)
  Relative segment, address: FC98 - FC99 (0x2 bytes), align: 1
  Segment part 14.
           ENTRY                   ADDRESS         REF BY
           =====                   =======         ======
           sx_altitude             FC98            menu_L1_Altitude (menu)
               CSTACK = 00000000 ( 00000004 )
    -------------------------------------------------------------------------
<CODE> 1 (was CODE)
  Relative segment, address: BB04 - BBE3 (0xe0 bytes), align: 1
  Segment part 13.
           ENTRY                   ADDRESS         REF BY
           =====                   =======         ======
           mx_altitude             BB04            menu_L1_Altitude (menu)
               calls direct
               CSTACK = 00000000 ( 0000001E )
    -------------------------------------------------------------------------
<CODE> 1 (was CODE)
  Relative segment, address: A764 - A897 (0x134 bytes), align: 1
  Segment part 11.
           ENTRY                   ADDRESS         REF BY
           =====                   =======         ======
           display_altitude        A764            menu_L1_Altitude (menu)
                                                   test_mode (test)
               calls direct
               CSTACK = 00000000 ( 00000008 )
    -------------------------------------------------------------------------
DATA16_C
  Relative segment, address: 817E - 8181 (0x4 bytes), align: 0
  Segment part 5.             Intra module refs:   start_altitude_measurement

    *************************************************************************

  FILE NAME : C:\Program Files (x86)\ChronosSoftware\eZ430-Chronos\Software Projects\Chronos Watch\IAR\Sports Watch\915MHz - Limited IAR Kickstart (USA)\Obj\battery.r43
  PROGRAM MODULE, NAME : battery

  SEGMENTS IN THE MODULE
  ======================
DATA16_Z
  Relative segment, address: 1C90 - 1C95 (0x6 bytes), align: 1
  Segment part 2.             Intra module refs:   battery_measurement
                                                   display_battery_V
                                                   reset_batt_measurement
           ENTRY                   ADDRESS         REF BY
           =====                   =======         ======
           sBatt                   1C90            TIMER0_A0_ISR (timer)
                                                   read_calibration_values (main)
    -------------------------------------------------------------------------
<CODE> 1 (was CODE)
  Relative segment, address: F7F8 - F809 (0x12 bytes), align: 1
  Segment part 5.
           ENTRY                   ADDRESS         REF BY
           =====                   =======         ======
           reset_batt_measurement
                                   F7F8            init_global_variables (main)
               CSTACK = 00000000 ( 00000004 )
    -------------------------------------------------------------------------
<CODE> 1 (was CODE)
  Relative segment, address: D502 - D56D (0x6c bytes), align: 1
  Segment part 4.
           ENTRY                   ADDRESS         REF BY
           =====                   =======         ======
           battery_measurement     D502            init_global_variables (main)
                                                   process_requests (main)
               calls direct
               CSTACK = 00000000 ( 00000004 )
    -------------------------------------------------------------------------
<CODE> 1 (was CODE)
  Relative segment, address: D344 - D3B3 (0x70 bytes), align: 1
  Segment part 3.
           ENTRY                   ADDRESS         REF BY
           =====                   =======         ======
           display_battery_V       D344            menu_L2_Battery (menu)
               calls direct
               CSTACK = 00000000 ( 00000004 )

    *************************************************************************

  FILE NAME : C:\Program Files (x86)\ChronosSoftware\eZ430-Chronos\Software Projects\Chronos Watch\IAR\Sports Watch\915MHz - Limited IAR Kickstart (USA)\Obj\bluerobin.r43
  PROGRAM MODULE, NAME : bluerobin

  SEGMENTS IN THE MODULE
  ======================
DATA16_Z
  Relative segment, address: 1C96 - 1CAD (0x18 bytes), align: 1
  Segment part 5.             Intra module refs:   display_caldist
                                                   display_calories
                                                   display_distance
                                                   display_heartrate
                                                   display_speed
                                                   get_bluerobin_data
                                                   is_bluerobin
                                                   is_bluerobin_searching
                                                   mx_caldist
                                                   reset_bluerobin
                                                   stop_bluerobin
                                                   sx_bluerobin
                                                   sx_caldist
           ENTRY                   ADDRESS         REF BY
           =====                   =======         ======
           sBlueRobin              1C96            radio_ISR (radio)
    -------------------------------------------------------------------------
DATA16_C
  Relative segment, address: 8182 - 8184 (0x3 bytes), align: 0
  Segment part 2.             Intra module refs:   mx_caldist
    -------------------------------------------------------------------------
DATA16_C
  Relative segment, address: 8185 - 8187 (0x3 bytes), align: 0
  Segment part 3.             Intra module refs:   mx_caldist
    -------------------------------------------------------------------------
DATA16_C
  Relative segment, address: 8188 - 818B (0x4 bytes), align: 0
  Segment part 4.             Intra module refs:   display_heartrate
    -------------------------------------------------------------------------
DATA16_C
  Relative segment, address: 818C - 8193 (0x8 bytes), align: 0
  Segment part 6.             Intra module refs:   display_selection_User_Sex1
           ENTRY                   ADDRESS         REF BY
           =====                   =======         ======
           selection_User_Sex      818C 
    -------------------------------------------------------------------------
<CODE> 1 (was CODE)
  Relative segment, address: E796 - E7CD (0x38 bytes), align: 1
  Segment part 21.
           ENTRY                   ADDRESS         REF BY
           =====                   =======         ======
           reset_bluerobin         E796            init_global_variables (main)
               CSTACK = 00000000 ( 00000004 )
    -------------------------------------------------------------------------
<CODE> 1 (was CODE)
  Relative segment, address: FC12 - FC17 (0x6 bytes), align: 1
  Segment part 20.
           ENTRY                   ADDRESS         REF BY
           =====                   =======         ======
           mx_bluerobin            FC12            menu_L1_Heartrate (menu)
               CSTACK = 00000000 ( 00000004 )
    -------------------------------------------------------------------------
<CODE> 1 (was CODE)
  Relative segment, address: AE78 - AF8B (0x114 bytes), align: 1
  Segment part 19.
           ENTRY                   ADDRESS         REF BY
           =====                   =======         ======
           sx_bluerobin            AE78            menu_L1_Heartrate (menu)
                                                   test_mode (test)
               calls direct
               CSTACK = 00000000 ( 00000006 )
    -------------------------------------------------------------------------
<CODE> 1 (was CODE)
  Relative segment, address: F3F6 - F411 (0x1c bytes), align: 1
  Segment part 18.            Intra module refs:   mx_caldist
           ENTRY                   ADDRESS         REF BY
           =====                   =======         ======
           display_selection_User_Sex1
                                   F3F6 
               calls direct
               CSTACK = 00000000 ( 00000008 )
    -------------------------------------------------------------------------
<CODE> 1 (was CODE)
  Relative segment, address: A02A - A20B (0x1e2 bytes), align: 1
  Segment part 17.
           ENTRY                   ADDRESS         REF BY
           =====                   =======         ======
           mx_caldist              A02A            menu_L2_CalDist (menu)
               calls direct
               CSTACK = 00000000 ( 0000001E )
    -------------------------------------------------------------------------
<CODE> 1 (was CODE)
  Relative segment, address: EF18 - EF3D (0x26 bytes), align: 1
  Segment part 16.
           ENTRY                   ADDRESS         REF BY
           =====                   =======         ======
           sx_caldist              EF18            menu_L2_CalDist (menu)
               calls direct
               CSTACK = 00000000 ( 00000006 )
    -------------------------------------------------------------------------
<CODE> 1 (was CODE)
  Relative segment, address: D6A2 - D707 (0x66 bytes), align: 1
  Segment part 15.
           ENTRY                   ADDRESS         REF BY
           =====                   =======         ======
           display_heartrate       D6A2            menu_L1_Heartrate (menu)
                                                   test_mode (test)
               calls direct
               CSTACK = 00000000 ( 00000006 )
    -------------------------------------------------------------------------
<CODE> 1 (was CODE)
  Relative segment, address: B93E - BA21 (0xe4 bytes), align: 1
  Segment part 14.
           ENTRY                   ADDRESS         REF BY
           =====                   =======         ======
           display_speed           B93E            menu_L1_Speed (menu)
               calls direct
               CSTACK = 00000000 ( 00000006 )
    -------------------------------------------------------------------------
<CODE> 1 (was CODE)
  Relative segment, address: BA22 - BB03 (0xe2 bytes), align: 1
  Segment part 12.            Intra module refs:   display_caldist
           ENTRY                   ADDRESS         REF BY
           =====                   =======         ======
           display_distance        BA22 
               calls direct
               CSTACK = 00000000 ( 0000000C )
    -------------------------------------------------------------------------
<CODE> 1 (was CODE)
  Relative segment, address: F916 - F923 (0xe bytes), align: 1
  Segment part 13.            Intra module refs:   sx_caldist
           ENTRY                   ADDRESS         REF BY
           =====                   =======         ======
           display_caldist         F916            menu_L2_CalDist (menu)
               calls direct
               CSTACK = 00000000 ( 00000004 )
    -------------------------------------------------------------------------
<CODE> 1 (was CODE)
  Relative segment, address: DA5C - DAB3 (0x58 bytes), align: 1
  Segment part 11.            Intra module refs:   display_caldist
           ENTRY                   ADDRESS         REF BY
           =====                   =======         ======
           display_calories        DA5C 
               calls direct
               CSTACK = 00000000 ( 0000000C )
    -------------------------------------------------------------------------
<CODE> 1 (was CODE)
  Relative segment, address: F9B0 - F9BD (0xe bytes), align: 1
  Segment part 10.            Intra module refs:   display_heartrate
           ENTRY                   ADDRESS         REF BY
           =====                   =======         ======
           is_bluerobin            F9B0            TIMER0_A0_ISR (timer)
                                                   display_update (main)
                                                   sx_ppt (rfsimpliciti)
                                                   sx_rf (rfsimpliciti)
                                                   sx_rfbsl (rfbsl)
                                                   sx_sync (rfsimpliciti)
               CSTACK = 00000000 ( 00000004 )
    -------------------------------------------------------------------------
<CODE> 1 (was CODE)
  Relative segment, address: F940 - F94D (0xe bytes), align: 1
  Segment part 9.
           ENTRY                   ADDRESS         REF BY
           =====                   =======         ======
           is_bluerobin_searching
                                   F940            TIMER0_A0_ISR (timer)
               CSTACK = 00000000 ( 00000004 )
    -------------------------------------------------------------------------
<CODE> 1 (was CODE)
  Relative segment, address: CE7C - CF01 (0x86 bytes), align: 1
  Segment part 8.
           ENTRY                   ADDRESS         REF BY
           =====                   =======         ======
           get_bluerobin_data      CE7C            TIMER0_A0_ISR (timer)
                                                   test_mode (test)
               calls direct
               CSTACK = 00000000 ( 00000004 )
    -------------------------------------------------------------------------
<CODE> 1 (was CODE)
  Relative segment, address: E048 - E091 (0x4a bytes), align: 1
  Segment part 7.             Intra module refs:   get_bluerobin_data
                                                   sx_bluerobin
           ENTRY                   ADDRESS         REF BY
           =====                   =======         ======
           stop_bluerobin          E048            test_mode (test)
               calls direct
               CSTACK = 00000000 ( 00000004 )

    *************************************************************************

  FILE NAME : C:\Program Files (x86)\ChronosSoftware\eZ430-Chronos\Software Projects\Chronos Watch\IAR\Sports Watch\915MHz - Limited IAR Kickstart (USA)\Obj\clock.r43
  PROGRAM MODULE, NAME : clock

  SEGMENTS IN THE MODULE
  ======================
DATA16_Z
  Relative segment, address: 1CAE - 1CBB (0xe bytes), align: 1
  Segment part 2.             Intra module refs:   clock_tick
                                                   display_time
                                                   mx_time
                                                   reset_clock
                                                   sx_time
           ENTRY                   ADDRESS         REF BY
           =====                   =======         ======
           sTime                   1CAE            PORT2_ISR (ports)
                                                   TIMER0_A0_ISR (timer)
                                                   button_repeat_function (ports)
                                                   check_alarm (alarm)
                                                   simpliciti_sync_decode_ap_cmd_callback (rfsimpliciti)
                                                   simpliciti_sync_get_data_callback (rfsimpliciti)
    -------------------------------------------------------------------------
DATA16_C
  Relative segment, address: 8194 - 819B (0x8 bytes), align: 0
  Segment part 3.             Intra module refs:   display_selection_Timeformat1
           ENTRY                   ADDRESS         REF BY
           =====                   =======         ======
           selection_Timeformat    8194 
    -------------------------------------------------------------------------
<CODE> 1 (was CODE)
  Relative segment, address: F01E - F041 (0x24 bytes), align: 1
  Segment part 11.
           ENTRY                   ADDRESS         REF BY
           =====                   =======         ======
           reset_clock             F01E            init_global_variables (main)
               CSTACK = 00000000 ( 00000004 )
    -------------------------------------------------------------------------
<CODE> 1 (was CODE)
  Relative segment, address: DFB2 - DFFD (0x4c bytes), align: 1
  Segment part 10.
           ENTRY                   ADDRESS         REF BY
           =====                   =======         ======
           clock_tick              DFB2            TIMER0_A0_ISR (timer)
               calls direct
               CSTACK = 00000000 ( 00000004 )
    -------------------------------------------------------------------------
<CODE> 1 (was CODE)
  Relative segment, address: F626 - F63B (0x16 bytes), align: 1
  Segment part 4.             Intra module refs:   display_time
           ENTRY                   ADDRESS         REF BY
           =====                   =======         ======
           convert_hour_to_12H_format
                                   F626            display_alarm (alarm)
                                                   display_hours1 (display)
               CSTACK = 00000000 ( 00000004 )
    -------------------------------------------------------------------------
<CODE> 1 (was CODE)
  Relative segment, address: FB72 - FB7B (0xa bytes), align: 1
  Segment part 9.
           ENTRY                   ADDRESS         REF BY
           =====                   =======         ======
           is_hour_am              FB72            display_am_pm_symbol (display)
               CSTACK = 00000000 ( 00000004 )
    -------------------------------------------------------------------------
<CODE> 1 (was CODE)
  Relative segment, address: F36A - F385 (0x1c bytes), align: 1
  Segment part 8.             Intra module refs:   mx_time
           ENTRY                   ADDRESS         REF BY
           =====                   =======         ======
           display_selection_Timeformat1
                                   F36A 
               calls direct
               CSTACK = 00000000 ( 00000008 )
    -------------------------------------------------------------------------
<CODE> 1 (was CODE)
  Relative segment, address: 9A4E - 9C47 (0x1fa bytes), align: 1
  Segment part 7.
           ENTRY                   ADDRESS         REF BY
           =====                   =======         ======
           mx_time                 9A4E            menu_L1_Time (menu)
               calls direct
               CSTACK = 00000000 ( 00000024 )
    -------------------------------------------------------------------------
<CODE> 1 (was CODE)
  Relative segment, address: F80A - F81B (0x12 bytes), align: 1
  Segment part 6.
           ENTRY                   ADDRESS         REF BY
           =====                   =======         ======
           sx_time                 F80A            menu_L1_Time (menu)
               CSTACK = 00000000 ( 00000004 )
    -------------------------------------------------------------------------
<CODE> 1 (was CODE)
  Relative segment, address: 9E3A - A029 (0x1f0 bytes), align: 1
  Segment part 5.
           ENTRY                   ADDRESS         REF BY
           =====                   =======         ======
           display_time            9E3A            menu_L1_Time (menu)
                                                   simpliciti_get_ed_data_callback (rfsimpliciti)
                                                   start_simpliciti_tx_only (rfsimpliciti)
               calls direct
               CSTACK = 00000000 ( 0000000C )

    *************************************************************************

  FILE NAME : C:\Program Files (x86)\ChronosSoftware\eZ430-Chronos\Software Projects\Chronos Watch\IAR\Sports Watch\915MHz - Limited IAR Kickstart (USA)\Obj\date.r43
  PROGRAM MODULE, NAME : date

  SEGMENTS IN THE MODULE
  ======================
DATA16_Z
  Relative segment, address: 1CBC - 1CC1 (0x6 bytes), align: 1
  Segment part 2.             Intra module refs:   add_day
                                                   display_date
                                                   mx_date
                                                   reset_date
                                                   sx_date
           ENTRY                   ADDRESS         REF BY
           =====                   =======         ======
           sDate                   1CBC            simpliciti_sync_decode_ap_cmd_callback (rfsimpliciti)
                                                   simpliciti_sync_get_data_callback (rfsimpliciti)
    -------------------------------------------------------------------------
<CODE> 1 (was CODE)
  Relative segment, address: F6A6 - F6B9 (0x14 bytes), align: 1
  Segment part 8.
           ENTRY                   ADDRESS         REF BY
           =====                   =======         ======
           reset_date              F6A6            init_global_variables (main)
               CSTACK = 00000000 ( 00000004 )
    -------------------------------------------------------------------------
<CODE> 1 (was CODE)
  Relative segment, address: D1E4 - D259 (0x76 bytes), align: 1
  Segment part 5.             Intra module refs:   add_day
                                                   mx_date
           ENTRY                   ADDRESS         REF BY
           =====                   =======         ======
           get_numberOfDays        D1E4 
               CSTACK = 00000000 ( 00000006 )
    -------------------------------------------------------------------------
<CODE> 1 (was CODE)
  Relative segment, address: E946 - E979 (0x34 bytes), align: 1
  Segment part 7.
           ENTRY                   ADDRESS         REF BY
           =====                   =======         ======
           add_day                 E946            clock_tick (clock)
               calls direct
               CSTACK = 00000000 ( 00000004 )
    -------------------------------------------------------------------------
<CODE> 1 (was CODE)
  Relative segment, address: 9C48 - 9E39 (0x1f2 bytes), align: 1
  Segment part 6.
           ENTRY                   ADDRESS         REF BY
           =====                   =======         ======
           mx_date                 9C48            menu_L2_Date (menu)
               calls direct
               CSTACK = 00000000 ( 0000002A )
    -------------------------------------------------------------------------
<CODE> 1 (was CODE)
  Relative segment, address: F732 - F743 (0x12 bytes), align: 1
  Segment part 4.
           ENTRY                   ADDRESS         REF BY
           =====                   =======         ======
           sx_date                 F732            menu_L2_Date (menu)
               CSTACK = 00000000 ( 00000004 )
    -------------------------------------------------------------------------
<CODE> 1 (was CODE)
  Relative segment, address: B49A - B58F (0xf6 bytes), align: 1
  Segment part 3.
           ENTRY                   ADDRESS         REF BY
           =====                   =======         ======
           display_date            B49A            menu_L2_Date (menu)
               calls direct
               CSTACK = 00000000 ( 00000008 )

    *************************************************************************

  FILE NAME : C:\Program Files (x86)\ChronosSoftware\eZ430-Chronos\Software Projects\Chronos Watch\IAR\Sports Watch\915MHz - Limited IAR Kickstart (USA)\Obj\main.r43
  PROGRAM MODULE, NAME : main

  SEGMENTS IN THE MODULE
  ======================
DATA16_AN
  Relative segment, address: 0202 - 0203 (0x2 bytes), align: 0
  Segment part 2. ROOT.       Intra module refs:   as_init (vti_as)
                                                   as_stop (vti_as)
                                                   init_application
                                                   init_buttons (ports)
                                                   stop_buzzer (buzzer)
                                                   toggle_buzzer (buzzer)
           ENTRY                   ADDRESS         REF BY
           =====                   =======         ======
           _A_PAOUT_L              0202 
    -------------------------------------------------------------------------
DATA16_AN
  Relative segment, address: 0204 - 0205 (0x2 bytes), align: 0
  Segment part 3. ROOT.       Intra module refs:   as_init (vti_as)
                                                   as_start (vti_as)
                                                   as_stop (vti_as)
                                                   init_application
                                                   init_buttons (ports)
                                                   ps_init (vti_ps)
           ENTRY                   ADDRESS         REF BY
           =====                   =======         ======
           _A_PADIR_L              0204 
    -------------------------------------------------------------------------
DATA16_AN
  Relative segment, address: 024A - 024B (0x2 bytes), align: 0
  Segment part 4. ROOT.       Intra module refs:   init_application
                                                   lcd_init (display)
           ENTRY                   ADDRESS         REF BY
           =====                   =======         ======
           _A_PCSEL_L              024A 
    -------------------------------------------------------------------------
DATA16_AN
  Relative segment, address: 01C0 - 01C1 (0x2 bytes), align: 0
  Segment part 5. ROOT.       Intra module refs:   init_application
           ENTRY                   ADDRESS         REF BY
           =====                   =======         ======
           _A_PMAPPWD_L            01C0 
    -------------------------------------------------------------------------
DATA16_AN
  Relative segment, address: 01C2 - 01C3 (0x2 bytes), align: 0
  Segment part 6. ROOT.       Intra module refs:   init_application
           ENTRY                   ADDRESS         REF BY
           =====                   =======         ======
           _A_PMAPCTL_L            01C2 
    -------------------------------------------------------------------------
DATA16_AN
  Relative segment, address: 01C8 - 01C9 (0x2 bytes), align: 0
  Segment part 7. ROOT.       Intra module refs:   init_application
           ENTRY                   ADDRESS         REF BY
           =====                   =======         ======
           _A_P1MAP01_L            01C8 
    -------------------------------------------------------------------------
DATA16_AN
  Relative segment, address: 01D0 - 01D1 (0x2 bytes), align: 0
  Segment part 8. ROOT.       Intra module refs:   init_application
           ENTRY                   ADDRESS         REF BY
           =====                   =======         ======
           _A_P2MAP01_L            01D0 
    -------------------------------------------------------------------------
DATA16_AN
  Relative segment, address: 0120 - 0121 (0x2 bytes), align: 0
  Segment part 9. ROOT.       Intra module refs:   SetVCore (bsp)
                                                   SetVCore (pmm)
                                                   SetVCoreDown (pmm)
                                                   SetVCoreUp (bsp)
                                                   SetVCoreUp (pmm)
                                                   init_application
           ENTRY                   ADDRESS         REF BY
           =====                   =======         ======
           _A_PMMCTL0_L            0120 
    -------------------------------------------------------------------------
DATA16_AN
  Relative segment, address: 0102 - 0103 (0x2 bytes), align: 0
  Segment part 10. ROOT.      Intra module refs:   Bsp_SetClocks (bsp)
                                                   init_application
           ENTRY                   ADDRESS         REF BY
           =====                   =======         ======
           _A_SFRIFG1_L            0102 
    -------------------------------------------------------------------------
DATA16_AN
  Relative segment, address: 0160 - 0161 (0x2 bytes), align: 0
  Segment part 11. ROOT.      Intra module refs:   Bsp_SetClocks (bsp)
                                                   init_application
           ENTRY                   ADDRESS         REF BY
           =====                   =======         ======
           _A_UCSCTL0_L            0160 
    -------------------------------------------------------------------------
DATA16_AN
  Relative segment, address: 0162 - 0163 (0x2 bytes), align: 0
  Segment part 12. ROOT.      Intra module refs:   Bsp_SetClocks (bsp)
                                                   init_application
           ENTRY                   ADDRESS         REF BY
           =====                   =======         ======
           _A_UCSCTL1_L            0162 
    -------------------------------------------------------------------------
DATA16_AN
  Relative segment, address: 0164 - 0165 (0x2 bytes), align: 0
  Segment part 13. ROOT.      Intra module refs:   Bsp_SetClocks (bsp)
                                                   init_application
           ENTRY                   ADDRESS         REF BY
           =====                   =======         ======
           _A_UCSCTL2_L            0164 
    -------------------------------------------------------------------------
DATA16_AN
  Relative segment, address: 0166 - 0167 (0x2 bytes), align: 0
  Segment part 14. ROOT.      Intra module refs:   Bsp_SetClocks (bsp)
                                                   init_application
           ENTRY                   ADDRESS         REF BY
           =====                   =======         ======
           _A_UCSCTL3_L            0166 
    -------------------------------------------------------------------------
DATA16_AN
  Relative segment, address: 0168 - 0169 (0x2 bytes), align: 0
  Segment part 15. ROOT.      Intra module refs:   Bsp_SetClocks (bsp)
                                                   init_application
           ENTRY                   ADDRESS         REF BY
           =====                   =======         ======
           _A_UCSCTL4_L            0168 
    -------------------------------------------------------------------------
DATA16_AN
  Relative segment, address: 016C - 016D (0x2 bytes), align: 0
  Segment part 16. ROOT.      Intra module refs:   init_application
           ENTRY                   ADDRESS         REF BY
           =====                   =======         ======
           _A_UCSCTL6_L            016C 
    -------------------------------------------------------------------------
DATA16_AN
  Relative segment, address: 016E - 016F (0x2 bytes), align: 0
  Segment part 17. ROOT.      Intra module refs:   Bsp_SetClocks (bsp)
                                                   init_application
           ENTRY                   ADDRESS         REF BY
           =====                   =======         ======
           _A_UCSCTL7_L            016E 
    -------------------------------------------------------------------------
DATA16_AN
  Relative segment, address: 015C - 015D (0x2 bytes), align: 0
  Segment part 18. ROOT.      Intra module refs:   Timer0_A4_Delay (timer)
                                                   __low_level_init (bsp)
                                                   idle_loop
                                                   init_application
                                                   simpliciti_get_ed_data_callback (rfsimpliciti)
                                                   simpliciti_link (main_ED_BM)
                                                   simpliciti_main_sync (main_ED_BM)
                                                   test_mode (test)
           ENTRY                   ADDRESS         REF BY
           =====                   =======         ======
           _A_WDTCTL_L             015C 
    -------------------------------------------------------------------------
DATA16_Z
  Relative segment, address: 1CC2 - 1CC3 (0x2 bytes), align: 1
  Segment part 25.            Intra module refs:   init_global_variables
                                                   main
                                                   wakeup_event
           ENTRY                   ADDRESS         REF BY
           =====                   =======         ======
           sys                     1CC2            PORT2_ISR (ports)
                                                   TIMER0_A0_ISR (timer)
                                                   TIMER0_A1_5_ISR (timer)
                                                   Timer0_A4_Delay (timer)
                                                   battery_measurement (battery)
                                                   button_repeat_off (ports)
                                                   button_repeat_on (ports)
                                                   display_alarm (alarm)
                                                   display_altitude (altitude)
                                                   display_date (date)
                                                   display_distance (bluerobin)
                                                   display_hours1 (display)
                                                   display_speed (bluerobin)
                                                   display_temperature (temperature)
                                                   display_time (clock)
                                                   mx_alarm (alarm)
                                                   mx_altitude (altitude)
                                                   mx_caldist (bluerobin)
                                                   mx_date (date)
                                                   mx_temperature (temperature)
                                                   mx_time (clock)
                                                   set_value (user)
                                                   simpliciti_sync_decode_ap_cmd_callback (rfsimpliciti)
                                                   simpliciti_sync_get_data_callback (rfsimpliciti)
                                                   sx_bluerobin (bluerobin)
                                                   sx_ppt (rfsimpliciti)
                                                   sx_rf (rfsimpliciti)
                                                   sx_rfbsl (rfbsl)
                                                   sx_sync (rfsimpliciti)
    -------------------------------------------------------------------------
DATA16_Z
  Relative segment, address: 1CC4 - 1CC5 (0x2 bytes), align: 1
  Segment part 26.            Intra module refs:   init_global_variables
                                                   main
                                                   process_requests
           ENTRY                   ADDRESS         REF BY
           =====                   =======         ======
           request                 1CC4            PORT2_ISR (ports)
                                                   TIMER0_A0_ISR (timer)
                                                   simpliciti_get_ed_data_callback (rfsimpliciti)
    -------------------------------------------------------------------------
DATA16_Z
  Relative segment, address: 1CC6 - 1CC7 (0x2 bytes), align: 1
  Segment part 27.            Intra module refs:   display_update
                                                   init_global_variables
                                                   wakeup_event
           ENTRY                   ADDRESS         REF BY
           =====                   =======         ======
           message                 1CC6            TIMER0_A0_ISR (timer)
                                                   sx_alarm (alarm)
    -------------------------------------------------------------------------
DATA16_Z
  Relative segment, address: 1DA8 - 1DA8 (0x1 bytes), align: 0
  Segment part 28.            Intra module refs:   read_calibration_values
           ENTRY                   ADDRESS         REF BY
           =====                   =======         ======
           rf_frequoffset          1DA8            BRRX_Init_v (BRRX_API)
                                                   MRFI_Init (mrfi)
                                                   sx_bluerobin (bluerobin)
    -------------------------------------------------------------------------
DATA16_Z
  Relative segment, address: 1CC8 - 1CCB (0x4 bytes), align: 1
  Segment part 29.            Intra module refs:   display_update
                                                   init_global_variables
                                                   wakeup_event
           ENTRY                   ADDRESS         REF BY
           =====                   =======         ======
           fptr_lcd_function_line1
                                   1CC8            clear_display_all (display)
                                                   start_simpliciti_sync (rfsimpliciti)
                                                   start_simpliciti_tx_only (rfsimpliciti)
    -------------------------------------------------------------------------
DATA16_Z
  Relative segment, address: 1CCC - 1CCF (0x4 bytes), align: 1
  Segment part 30.            Intra module refs:   display_update
                                                   init_global_variables
                                                   wakeup_event
           ENTRY                   ADDRESS         REF BY
           =====                   =======         ======
           fptr_lcd_function_line2
                                   1CCC            clear_display_all (display)
    -------------------------------------------------------------------------
<CODE> 1 (was CODE)
  Relative segment, address: E874 - E8A9 (0x36 bytes), align: 1
  Segment part 39.
           ENTRY                   ADDRESS         REF BY
           =====                   =======         ======
           main                    E874            Segment part 19 (?cstart)
               calls direct
               CSTACK = 00000000 ( 00000004 )
    -------------------------------------------------------------------------
<CODE> 1 (was CODE)
  Relative segment, address: C196 - C257 (0xc2 bytes), align: 1
  Segment part 38.            Intra module refs:   main
           ENTRY                   ADDRESS         REF BY
           =====                   =======         ======
           init_application        C196 
               calls direct
               CSTACK = 00000000 ( 00000004 )
    -------------------------------------------------------------------------
<CODE> 1 (was CODE)
  Relative segment, address: D424 - D493 (0x70 bytes), align: 1
  Segment part 37.            Intra module refs:   main
           ENTRY                   ADDRESS         REF BY
           =====                   =======         ======
           init_global_variables   D424 
               calls direct
               CSTACK = 00000000 ( 00000004 )
    -------------------------------------------------------------------------
<CODE> 1 (was CODE)
  Relative segment, address: A62C - A763 (0x138 bytes), align: 1
  Segment part 36.            Intra module refs:   main
           ENTRY                   ADDRESS         REF BY
           =====                   =======         ======
           wakeup_event            A62C 
               calls direct and indirect
               CSTACK = 00000000 ( 00000004 )
    -------------------------------------------------------------------------
<CODE> 1 (was CODE)
  Relative segment, address: E1B8 - E1FF (0x48 bytes), align: 1
  Segment part 35.            Intra module refs:   main
           ENTRY                   ADDRESS         REF BY
           =====                   =======         ======
           process_requests        E1B8 
               calls direct
               CSTACK = 00000000 ( 00000004 )
    -------------------------------------------------------------------------
<CODE> 1 (was CODE)
  Relative segment, address: A20C - A36F (0x164 bytes), align: 1
  Segment part 34.            Intra module refs:   main
           ENTRY                   ADDRESS         REF BY
           =====                   =======         ======
           display_update          A20C 
               calls direct and indirect
               CSTACK = 00000000 ( 0000000E )
    -------------------------------------------------------------------------
<CODE> 1 (was CODE)
  Relative segment, address: FBFC - FC03 (0x8 bytes), align: 1
  Segment part 32.            Intra module refs:   idle_loop
           ENTRY                   ADDRESS         REF BY
           =====                   =======         ======
           to_lpm                  FBFC            Timer0_A4_Delay (timer)
               CSTACK = 00000000 ( 00000004 )
    -------------------------------------------------------------------------
<CODE> 1 (was CODE)
  Relative segment, address: FA26 - FA31 (0xc bytes), align: 1
  Segment part 33.            Intra module refs:   main
           ENTRY                   ADDRESS         REF BY
           =====                   =======         ======
           idle_loop               FA26            set_value (user)
               calls direct
               CSTACK = 00000000 ( 00000004 )
    -------------------------------------------------------------------------
<CODE> 1 (was CODE)
  Relative segment, address: C0D4 - C195 (0xc2 bytes), align: 1
  Segment part 31.            Intra module refs:   init_global_variables
           ENTRY                   ADDRESS         REF BY
           =====                   =======         ======
           read_calibration_values
                                   C0D4 
               CSTACK = 00000000 ( 00000012 )
    -------------------------------------------------------------------------
DATA16_C
  Relative segment, address: 819C - 81A2 (0x7 bytes), align: 0
  Segment part 20.            Intra module refs:   display_update
    -------------------------------------------------------------------------
DATA16_C
  Relative segment, address: 81A3 - 81A9 (0x7 bytes), align: 0
  Segment part 21.            Intra module refs:   display_update
    -------------------------------------------------------------------------
DATA16_C
  Relative segment, address: 81AA - 81B0 (0x7 bytes), align: 0
  Segment part 22.            Intra module refs:   display_update
    -------------------------------------------------------------------------
DATA16_C
  Relative segment, address: 81B1 - 81B5 (0x5 bytes), align: 0
  Segment part 23.            Intra module refs:   display_update
    -------------------------------------------------------------------------
DATA16_C
  Relative segment, address: 81B6 - 81BA (0x5 bytes), align: 0
  Segment part 24.            Intra module refs:   display_update

    *************************************************************************

  FILE NAME : C:\Program Files (x86)\ChronosSoftware\eZ430-Chronos\Software Projects\Chronos Watch\IAR\Sports Watch\915MHz - Limited IAR Kickstart (USA)\Obj\menu.r43
  PROGRAM MODULE, NAME : menu

  SEGMENTS IN THE MODULE
  ======================
DATA16_Z
  Relative segment, address: 1CD0 - 1CD1 (0x2 bytes), align: 1
  Segment part 2.
           ENTRY                   ADDRESS         REF BY
           =====                   =======         ======
           ptrMenu_L1              1CD0            display_update (main)
                                                   init_global_variables (main)
                                                   wakeup_event (main)
    -------------------------------------------------------------------------
DATA16_Z
  Relative segment, address: 1CD2 - 1CD3 (0x2 bytes), align: 1
  Segment part 3.
           ENTRY                   ADDRESS         REF BY
           =====                   =======         ======
           ptrMenu_L2              1CD2            display_update (main)
                                                   init_global_variables (main)
                                                   is_stopwatch (stopwatch)
                                                   wakeup_event (main)
    -------------------------------------------------------------------------
<CODE> 1 (was CODE)
  Relative segment, address: FA32 - FA3D (0xc bytes), align: 1
  Segment part 25.            Intra module refs:   menu_L1_Altitude
                                                   menu_L1_Heartrate
                                                   menu_L1_Speed
                                                   menu_L1_Time
                                                   menu_L2_CalDist
                                                   menu_L2_Ppt
                                                   menu_L2_RFBSL
                                                   menu_L2_Rf
                                                   menu_L2_Sync
           ENTRY                   ADDRESS         REF BY
           =====                   =======         ======
           update_time             FA32 
               CSTACK = 00000000 ( 00000004 )
    -------------------------------------------------------------------------
<CODE> 1 (was CODE)
  Relative segment, address: FA3E - FA49 (0xc bytes), align: 1
  Segment part 24.            Intra module refs:   menu_L2_Stopwatch
           ENTRY                   ADDRESS         REF BY
           =====                   =======         ======
           update_stopwatch        FA3E 
               CSTACK = 00000000 ( 00000004 )
    -------------------------------------------------------------------------
<CODE> 1 (was CODE)
  Relative segment, address: FA4A - FA55 (0xc bytes), align: 1
  Segment part 23.            Intra module refs:   menu_L2_Date
           ENTRY                   ADDRESS         REF BY
           =====                   =======         ======
           update_date             FA4A 
               CSTACK = 00000000 ( 00000004 )
    -------------------------------------------------------------------------
<CODE> 1 (was CODE)
  Relative segment, address: FA56 - FA61 (0xc bytes), align: 1
  Segment part 22.            Intra module refs:   menu_L1_Alarm
           ENTRY                   ADDRESS         REF BY
           =====                   =======         ======
           update_alarm            FA56 
               CSTACK = 00000000 ( 00000004 )
    -------------------------------------------------------------------------
<CODE> 1 (was CODE)
  Relative segment, address: FA62 - FA6D (0xc bytes), align: 1
  Segment part 21.            Intra module refs:   menu_L1_Temperature
           ENTRY                   ADDRESS         REF BY
           =====                   =======         ======
           update_temperature      FA62 
               CSTACK = 00000000 ( 00000004 )
    -------------------------------------------------------------------------
<CODE> 1 (was CODE)
  Relative segment, address: FA6E - FA79 (0xc bytes), align: 1
  Segment part 20.            Intra module refs:   menu_L2_Battery
           ENTRY                   ADDRESS         REF BY
           =====                   =======         ======
           update_battery_voltage
                                   FA6E 
               CSTACK = 00000000 ( 00000004 )
    -------------------------------------------------------------------------
<CODE> 1 (was CODE)
  Relative segment, address: FA7A - FA85 (0xc bytes), align: 1
  Segment part 19.            Intra module refs:   menu_L1_Acceleration
           ENTRY                   ADDRESS         REF BY
           =====                   =======         ======
           update_acceleration     FA7A 
               CSTACK = 00000000 ( 00000004 )
    -------------------------------------------------------------------------
DATA16_C
  Relative segment, address: 800E - 801F (0x12 bytes), align: 1
  Segment part 4.             Intra module refs:   menu_L1_Acceleration
           ENTRY                   ADDRESS         REF BY
           =====                   =======         ======
           menu_L1_Time            800E            init_global_variables (main)
    -------------------------------------------------------------------------
DATA16_C
  Relative segment, address: 8020 - 8031 (0x12 bytes), align: 1
  Segment part 5.             Intra module refs:   menu_L1_Time
           ENTRY                   ADDRESS         REF BY
           =====                   =======         ======
           menu_L1_Alarm           8020 
    -------------------------------------------------------------------------
DATA16_C
  Relative segment, address: 8032 - 8043 (0x12 bytes), align: 1
  Segment part 6.             Intra module refs:   menu_L1_Alarm
           ENTRY                   ADDRESS         REF BY
           =====                   =======         ======
           menu_L1_Temperature     8032 
    -------------------------------------------------------------------------
DATA16_C
  Relative segment, address: 8044 - 8055 (0x12 bytes), align: 1
  Segment part 7.             Intra module refs:   menu_L1_Temperature
           ENTRY                   ADDRESS         REF BY
           =====                   =======         ======
           menu_L1_Altitude        8044 
    -------------------------------------------------------------------------
DATA16_C
  Relative segment, address: 8056 - 8067 (0x12 bytes), align: 1
  Segment part 8.             Intra module refs:   menu_L1_Altitude
           ENTRY                   ADDRESS         REF BY
           =====                   =======         ======
           menu_L1_Heartrate       8056 
    -------------------------------------------------------------------------
DATA16_C
  Relative segment, address: 8068 - 8079 (0x12 bytes), align: 1
  Segment part 9.             Intra module refs:   menu_L1_Heartrate
           ENTRY                   ADDRESS         REF BY
           =====                   =======         ======
           menu_L1_Speed           8068 
    -------------------------------------------------------------------------
DATA16_C
  Relative segment, address: 807A - 808B (0x12 bytes), align: 1
  Segment part 10.            Intra module refs:   menu_L1_Speed
           ENTRY                   ADDRESS         REF BY
           =====                   =======         ======
           menu_L1_Acceleration    807A 
    -------------------------------------------------------------------------
DATA16_C
  Relative segment, address: 808C - 809D (0x12 bytes), align: 1
  Segment part 11.            Intra module refs:   menu_L2_RFBSL
           ENTRY                   ADDRESS         REF BY
           =====                   =======         ======
           menu_L2_Date            808C            init_global_variables (main)
    -------------------------------------------------------------------------
DATA16_C
  Relative segment, address: 809E - 80AF (0x12 bytes), align: 1
  Segment part 12.            Intra module refs:   menu_L2_Date
           ENTRY                   ADDRESS         REF BY
           =====                   =======         ======
           menu_L2_Stopwatch       809E            is_stopwatch (stopwatch)
[...]
  LIBRARY MODULE, NAME : ?FLT_Extract

  SEGMENTS IN THE MODULE
  ======================
<CODE> 1 (was CODE)
  Relative segment, address: DE36 - DE81 (0x4c bytes), align: 1
  Segment part 0.
           ENTRY                   ADDRESS         REF BY
           =====                   =======         ======
           ?FLT_Extract            DE36            _Cast32fto32u (_Cast32fto32u)

    -------------------------------------------------------------------------
  LIBRARY MODULE, NAME : ?FLT_LT

  SEGMENTS IN THE MODULE
  ======================
<CODE> 1 (was CODE)
  Relative segment, address: DC0C - DC5D (0x52 bytes), align: 1
  Segment part 0.
           ENTRY                   ADDRESS         REF BY
           =====                   =======         ======
           ?FLT_LT                 DC0C            _CmpLt32f (_CmpLt32f)

    -------------------------------------------------------------------------
  LIBRARY MODULE, NAME : _CmpLt32f

  SEGMENTS IN THE MODULE
  ======================
<CODE> 1 (was CODE)
  Relative segment, address: FB86 - FB8F (0xa bytes), align: 1
  Segment part 0.
           ENTRY                   ADDRESS         REF BY
           =====                   =======         ======
           _CmpLt32f               FB86            conv_pa_to_meter (vti_ps)
                                                   update_pressure_table (vti_ps)

    -------------------------------------------------------------------------
  LIBRARY MODULE, NAME : _Mul32f

  SEGMENTS IN THE MODULE
  ======================
<CODE> 1 (was CODE)
  Relative segment, address: AF8C - B09B (0x110 bytes), align: 1
  Segment part 0.
           ENTRY                   ADDRESS         REF BY
           =====                   =======         ======
           _Mul32f                 AF8C            conv_pa_to_meter (vti_ps)
                                                   display_acceleration (acceleration)
                                                   display_distance (bluerobin)
                                                   display_speed (bluerobin)
                                                   do_altitude_measurement (altitude)
                                                   update_pressure_table (vti_ps)

    -------------------------------------------------------------------------
  LIBRARY MODULE, NAME : _Div32f

  SEGMENTS IN THE MODULE
  ======================
<CODE> 1 (was CODE)
  Relative segment, address: A9CA - AAF9 (0x130 bytes), align: 1
  Segment part 0.
           ENTRY                   ADDRESS         REF BY
           =====                   =======         ======
           _Div32f                 A9CA            conv_pa_to_meter (vti_ps)
                                                   update_pressure_table (vti_ps)

    -------------------------------------------------------------------------
  LIBRARY MODULE, NAME : _Add32f

  SEGMENTS IN THE MODULE
  ======================
<CODE> 1 (was CODE)
  Relative segment, address: A370 - A4D1 (0x162 bytes), align: 1
  Segment part 0.
           ENTRY                   ADDRESS         REF BY
           =====                   =======         ======
           _Add32f                 A374            conv_pa_to_meter (vti_ps)
                                                   display_acceleration (acceleration)
                                                   do_altitude_measurement (altitude)
                                                   update_pressure_table (vti_ps)
           _Sub32f                 A370            conv_pa_to_meter (vti_ps)
                                                   update_pressure_table (vti_ps)

    -------------------------------------------------------------------------
  LIBRARY MODULE, NAME : ?Mul816

  SEGMENTS IN THE MODULE
  ======================
<CODE> 1 (was CODE)
  Relative segment, address: EA12 - EA43 (0x32 bytes), align: 1
  Segment part 0.
           ENTRY                   ADDRESS         REF BY
           =====                   =======         ======
           ?Mul8                   EA12 
           ?Mul16                  EA16            convert_acceleration_value_to_mgrav (acceleration)
                                                   get_bluerobin_data (bluerobin)
           ?Mul16to32u             EA16 

    -------------------------------------------------------------------------
  LIBRARY MODULE, NAME : ?Mul32

  SEGMENTS IN THE MODULE
  ======================
<CODE> 1 (was CODE)
  Relative segment, address: EB68 - EB97 (0x30 bytes), align: 1
  Segment part 0.
           ENTRY                   ADDRESS         REF BY
           =====                   =======         ======
           ?Mul32                  EB68            convert_ft_to_m (altitude)
                                                   convert_m_to_ft (altitude)
                                                   mx_caldist (bluerobin)
                                                   temperature_measurement (temperature)

    -------------------------------------------------------------------------
  LIBRARY MODULE, NAME : ?DivMod816u

  SEGMENTS IN THE MODULE
  ======================
<CODE> 1 (was CODE)
  Relative segment, address: F2FA - F315 (0x1c bytes), align: 1
  Segment part 0.
           ENTRY                   ADDRESS         REF BY
           =====                   =======         ======
           ?DivMod8u               F2FA 
           ?DivMod16u              F2FE            Segment part 0 (?DivMod816s)
                                                   battery_measurement (battery)
                                                   display_acceleration (acceleration)
                                                   get_numberOfDays (date)

    -------------------------------------------------------------------------
  LIBRARY MODULE, NAME : ?DivMod816s

  SEGMENTS IN THE MODULE
  ======================
<CODE> 1 (was CODE)
  Relative segment, address: E912 - E945 (0x34 bytes), align: 1
  Segment part 0.
           ENTRY                   ADDRESS         REF BY
           =====                   =======         ======
           ?DivMod8s               E912 
           ?DivMod16s              E916            Mrfi_CalculateRssi (mrfi)
                                                   convert_C_to_F (temperature)
                                                   convert_F_to_C (temperature)

    -------------------------------------------------------------------------
  LIBRARY MODULE, NAME : ?DivMod32u

  SEGMENTS IN THE MODULE
  ======================
<CODE> 1 (was CODE)
  Relative segment, address: E806 - E83D (0x38 bytes), align: 1
  Segment part 0.
           ENTRY                   ADDRESS         REF BY
           =====                   =======         ======
           ?DivMod32u              E806            ?DivMod32s (?DivMod32s)
                                                   display_calories (bluerobin)
                                                   display_distance (bluerobin)
                                                   itoa (display)
                                                   mx_caldist (bluerobin)

    -------------------------------------------------------------------------
  LIBRARY MODULE, NAME : ?DivMod32s

  SEGMENTS IN THE MODULE
  ======================
<CODE> 1 (was CODE)
  Relative segment, address: E394 - E3D3 (0x40 bytes), align: 1
  Segment part 0.
           ENTRY                   ADDRESS         REF BY
           =====                   =======         ======
           ?DivMod32s              E394            button_repeat_on (ports)
                                                   convert_ft_to_m (altitude)
                                                   convert_m_to_ft (altitude)
                                                   mx_caldist (bluerobin)
                                                   set_value (user)
                                                   temperature_measurement (temperature)

    -------------------------------------------------------------------------
  LIBRARY MODULE, NAME : ?ShiftLeft32

  SEGMENTS IN THE MODULE
  ======================
<CODE> 1 (was CODE)
  Relative segment, address: F2DE - F2F9 (0x1c bytes), align: 1
  Segment part 0.
           ENTRY                   ADDRESS         REF BY
           =====                   =======         ======
           ?ShiftLeft32            F2DE            convert_acceleration_value_to_mgrav (acceleration)

    -------------------------------------------------------------------------
  LIBRARY MODULE, NAME : ?ShiftRight32u

  SEGMENTS IN THE MODULE
  ======================
<CODE> 1 (was CODE)
  Relative segment, address: F248 - F265 (0x1e bytes), align: 1
  Segment part 0.
           ENTRY                   ADDRESS         REF BY
           =====                   =======         ======
           ?ShiftRight32u          F248            convert_acceleration_value_to_mgrav (acceleration)

    -------------------------------------------------------------------------
  LIBRARY MODULE, NAME : ?memcmp

  SEGMENTS IN THE MODULE
  ======================
<CODE> 1 (was CODE)
  Relative segment, address: F18E - F1AD (0x20 bytes), align: 1
  Segment part 2.
           ENTRY                   ADDRESS         REF BY
           =====                   =======         ======
           memcmp                  F18E            Segment part 18 (nwk)
                                                   dispatchFrame (nwk_frame)
                                                   nwk_QfindOldest (nwk_QMgmt)
                                                   nwk_processMgmt (nwk_mgmt)
               CSTACK = 00000000 ( 00000004 )

    -------------------------------------------------------------------------
  LIBRARY MODULE, NAME : ?memcpy

  SEGMENTS IN THE MODULE
  ======================
<CODE> 1 (was CODE)
  Relative segment, address: F7D4 - F7E5 (0x12 bytes), align: 1
  Segment part 2.
           ENTRY                   ADDRESS         REF BY
           =====                   =======         ======
           memcpy                  F7D4            SMPL_Ioctl (nwk_api)
                                                   SMPL_SendOpt (nwk_api)
                                                   Segment part 14 (nwk_link)
                                                   Segment part 15 (nwk_globals)
                                                   __data16_memcpy (?memzero)
                                                   display_update (main)
                                                   itoa (display)
                                                   nwk_buildFrame (nwk_frame)
                                                   nwk_deviceAddress (nwk_ioctl)
                                                   nwk_join (nwk_join)
                                                   nwk_link (nwk_link)
                                                   nwk_nwkInit (nwk)
                                                   nwk_radioControl (nwk_ioctl)
                                                   nwk_rawSend (nwk_ioctl)
                                                   nwk_retrieveFrame (nwk_frame)
                                                   nwk_sendAckReply (nwk_frame)
                                                   nwk_setAPAddress (nwk_globals)
                                                   reset_stopwatch (stopwatch)
                                                   smpl_send_ping_reply (nwk_ping)
                                                   smpl_send_unlink_reply (nwk_link)
               CSTACK = 00000000 ( 00000004 )

    -------------------------------------------------------------------------
  LIBRARY MODULE, NAME : ?memmove

  SEGMENTS IN THE MODULE
  ======================
<CODE> 1 (was CODE)
  Relative segment, address: E97A - E9AD (0x34 bytes), align: 1
  Segment part 2.
           ENTRY                   ADDRESS         REF BY
           =====                   =======         ======
           memmove                 E97A            nwk_getNumObjectFromMsg (nwk)
                                                   nwk_putNumObjectIntoMsg (nwk)
               CSTACK = 00000000 ( 00000006 )

    -------------------------------------------------------------------------
  LIBRARY MODULE, NAME : ?CopyMemoryBytes

  SEGMENTS IN THE MODULE
  ======================
<CODE> 1 (was CODE)
  Relative segment, address: F8B6 - F8C5 (0x10 bytes), align: 1
  Segment part 0.
           ENTRY                   ADDRESS         REF BY
           =====                   =======         ======
           ?CopyMemoryBytes        F8B6            MRFI_Receive (mrfi)

    -------------------------------------------------------------------------
  LIBRARY MODULE, NAME : ?memset

  SEGMENTS IN THE MODULE
  ======================
<CODE> 1 (was CODE)
  Relative segment, address: F864 - F875 (0x12 bytes), align: 1
  Segment part 2.
           ENTRY                   ADDRESS         REF BY
           =====                   =======         ======
           memset                  F864            MRFI_Init (mrfi)
                                                   Segment part 63 (mrfi)
                                                   nwk_QInit (nwk_QMgmt)
                                                   nwk_allocateLocalRxPort (nwk)
                                                   nwk_globalsInit (nwk_globals)
                                                   nwk_linkInit (nwk_link)
                                                   nwk_nwkInit (nwk)
               CSTACK = 00000000 ( 00000004 )

    -------------------------------------------------------------------------
  LIBRARY MODULE, NAME : ?memzero

  SEGMENTS IN THE MODULE
  ======================
<CODE> 1 (was CODE)
  Relative segment, address: F81C - F82D (0x12 bytes), align: 1
  Segment part 4.
           ENTRY                   ADDRESS         REF BY
           =====                   =======         ======
           __data16_memzero        F81C            ?cstart_init_zero (?cstart)
               CSTACK = 00000000 ( 00000004 )
    -------------------------------------------------------------------------
<CODE> 1 (was CODE)
  Relative segment, address: FC94 - FC97 (0x4 bytes), align: 1
  Segment part 3.
           ENTRY                   ADDRESS         REF BY
           =====                   =======         ======
           __data16_memcpy         FC94            ?cstart_init_copy (?cstart)
               calls direct
               CSTACK = 00000000 ( 00000004 )

    -------------------------------------------------------------------------
  LIBRARY MODULE, NAME : ?IndCallR9

  SEGMENTS IN THE MODULE
  ======================
<CODE> 1 (was CODE)
  Relative segment, address: FC78 - FC7B (0x4 bytes), align: 1
  Segment part 0.
           ENTRY                   ADDRESS         REF BY
           =====                   =======         ======
           ?IndCallR9              FC78            set_value (user)

    -------------------------------------------------------------------------
  LIBRARY MODULE, NAME : ?IndCallR15

  SEGMENTS IN THE MODULE
  ======================
<CODE> 1 (was CODE)
  Relative segment, address: FC8C - FC8F (0x4 bytes), align: 1
  Segment part 0.
           ENTRY                   ADDRESS         REF BY
           =====                   =======         ======
           ?IndCallR15             FC8C            dispatchFrame (nwk_frame)
                                                   display_update (main)
                                                   wakeup_event (main)




                ****************************************
                *                                      *
                *      SEGMENTS IN ADDRESS ORDER       *
                *                                      *
                ****************************************


SEGMENT              SPACE    START ADDRESS   END ADDRESS     SIZE  TYPE  ALIGN
=======              =====    =============   ===========     ====  ====  =====
DATA16_AN                              0102 - 0103               2   rel    0
                                       0120 - 0121               2 
                                       0124 - 0127               4 
                                       012C - 012D               2 
                                       015C - 015D               2 
                                       0160 - 0169               A 
                                       016C - 016F               4 
                                       01B0 - 01B1               2 
                                       01C0 - 01C3               4 
                                       01C8 - 01C9               2 
                                       01D0 - 01D1               2 
                                       0200 - 0207               8 
                                       020A - 020B               2 
                                       0218 - 021D               6 
                                       0222 - 0225               4 
                                       0244 - 0245               2 
                                       024A - 024B               2 
                                       0320 - 0325               6 
                                       0340 - 034B               C 
                                       0350 - 035B               C 
                                       036E - 036F               2 
                                       0380 - 0383               4 
                                       0390 - 0393               4 
                                       05C0 - 05C1               2 
                                       05C6 - 05C7               2 
                                       05CC - 05CC               1 
                                       05CE - 05CE               1 
                                       05DC - 05DD               2 
                                       0700 - 0703               4 
                                       070C - 0710               5 
                                       0720 - 0721               2 
                                       0A00 - 0A01               2 
                                       0A04 - 0A0D               A 
                                       0F02 - 0F03               2 
                                       0F06 - 0F07               2 
                                       0F0C - 0F13               8 
                                       0F20 - 0F23               4 
                                       0F30 - 0F39               A 
DATA16_I                               1C00 - 1C76              77   rel    1
DATA16_Z                               1C78 - 1EC2             24B   rel    1
CSTACK                                 2AFE - 2BFD             100   rel    1
DATA16_C                               8000 - 85E9             5EA   rel    1
DATA16_ID                              85EA - 8660              77   rel    1
CSTART                                 8662 - 8691              30   rel    1
ISR_CODE                               8692 - 8B2D             49C   rel    1
<CODE> 1                               8B2E - FCA1            7174   rel    1
INTVEC                                 FF80 - FFF1              72   com    1
RESET                                  FFFE - FFFF               2   rel    1

                ****************************************
                *                                      *
                *        END OF CROSS REFERENCE        *
                *                                      *
                ****************************************

 30 388 bytes of CODE  memory
    962 bytes of DATA  memory (+ 157 absolute )
  1 633 bytes of CONST memory

Errors: none
Warnings: none

