################################################################################
#                                                                              #
#      IAR Universal Linker V4.61O/W32                                         #
#                                                                              #
#           Link time     =  31/Aug/2023  00:09:32                             #
#           Target CPU    =  MSP430                                            #
#           List file     =  "C:\Program Files (x86)\ChronosSoftware\eZ430-Chr #
#                            onos\Software Projects\Chronos Watch\IAR\Sports W #
#                            atch\868MHz - Limited IAR Kickstart (Europe)\List #
#                            \ez430_chronos_868MHz.map"                        #
#           Output file 1 =  "C:\Program Files (x86)\ChronosSoftware\eZ430-Chr #
#                            onos\Software Projects\Chronos Watch\IAR\Sports W #
#                            atch\868MHz - Limited IAR Kickstart (Europe)\Exe\ #
#                            ez430_chronos_868MHz.d43"                         #
#                            Format: debug                                     #
#                            UBROF version 10.0.2                              #
#                            Using library modules for C-SPY (-rt)             #
#           Command line  =  --ks_version                                      #
#                            "C:\Program Files (x86)\ChronosSoftware\eZ430-Chr #
#                            onos\Software Projects\Chronos Watch\IAR\Sports W #
#                            atch\868MHz - Limited IAR Kickstart (Europe)\Obj\ #
#                            acceleration.r43"                                 #
#                            "C:\Program Files (x86)\ChronosSoftware\eZ430-Chr #
#                            onos\Software Projects\Chronos Watch\IAR\Sports W #
#                            atch\868MHz - Limited IAR Kickstart (Europe)\Obj\ #
#                            alarm.r43"                                        #
#                            "C:\Program Files (x86)\ChronosSoftware\eZ430-Chr #
#                            onos\Software Projects\Chronos Watch\IAR\Sports W #
#                            atch\868MHz - Limited IAR Kickstart (Europe)\Obj\ #
#                            altitude.r43"                                     #
#                            "C:\Program Files (x86)\ChronosSoftware\eZ430-Chr #
#                            onos\Software Projects\Chronos Watch\IAR\Sports W #
#                            atch\868MHz - Limited IAR Kickstart (Europe)\Obj\ #
#                            battery.r43"                                      #
#                            "C:\Program Files (x86)\ChronosSoftware\eZ430-Chr #
#                            onos\Software Projects\Chronos Watch\IAR\Sports W #
#                            atch\868MHz - Limited IAR Kickstart (Europe)\Obj\ #
#                            bluerobin.r43"                                    #
#                            "C:\Program Files (x86)\ChronosSoftware\eZ430-Chr #
#                            onos\Software Projects\Chronos Watch\IAR\Sports W #
#                            atch\868MHz - Limited IAR Kickstart (Europe)\Obj\ #
#                            cinema.r43"                                       #
#                            "C:\Program Files (x86)\ChronosSoftware\eZ430-Chr #
#                            onos\Software Projects\Chronos Watch\IAR\Sports W #
#                            atch\868MHz - Limited IAR Kickstart (Europe)\Obj\ #
#                            cinesync.r43"                                     #
#                            "C:\Program Files (x86)\ChronosSoftware\eZ430-Chr #
#                            onos\Software Projects\Chronos Watch\IAR\Sports W #
#                            atch\868MHz - Limited IAR Kickstart (Europe)\Obj\ #
#                            clock.r43"                                        #
#                            "C:\Program Files (x86)\ChronosSoftware\eZ430-Chr #
#                            onos\Software Projects\Chronos Watch\IAR\Sports W #
#                            atch\868MHz - Limited IAR Kickstart (Europe)\Obj\ #
#                            date.r43"                                         #
#                            "C:\Program Files (x86)\ChronosSoftware\eZ430-Chr #
#                            onos\Software Projects\Chronos Watch\IAR\Sports W #
#                            atch\868MHz - Limited IAR Kickstart (Europe)\Obj\ #
#                            main.r43"                                         #
#                            "C:\Program Files (x86)\ChronosSoftware\eZ430-Chr #
#                            onos\Software Projects\Chronos Watch\IAR\Sports W #
#                            atch\868MHz - Limited IAR Kickstart (Europe)\Obj\ #
#                            menu.r43"                                         #
#                            "C:\Program Files (x86)\ChronosSoftware\eZ430-Chr #
#                            onos\Software Projects\Chronos Watch\IAR\Sports W #
#                            atch\868MHz - Limited IAR Kickstart (Europe)\Obj\ #
#                            rfbsl.r43"                                        #
#                            "C:\Program Files (x86)\ChronosSoftware\eZ430-Chr #
#                            onos\Software Projects\Chronos Watch\IAR\Sports W #
#                            atch\868MHz - Limited IAR Kickstart (Europe)\Obj\ #
#                            rfsimpliciti.r43"                                 #
#                            "C:\Program Files (x86)\ChronosSoftware\eZ430-Chr #
#                            onos\Software Projects\Chronos Watch\IAR\Sports W #
#                            atch\868MHz - Limited IAR Kickstart (Europe)\Obj\ #
#                            stopwatch.r43"                                    #
#                            "C:\Program Files (x86)\ChronosSoftware\eZ430-Chr #
#                            onos\Software Projects\Chronos Watch\IAR\Sports W #
#                            atch\868MHz - Limited IAR Kickstart (Europe)\Obj\ #
#                            temperature.r43"                                  #
#                            "C:\Program Files (x86)\ChronosSoftware\eZ430-Chr #
#                            onos\Software Projects\Chronos Watch\IAR\Sports W #
#                            atch\868MHz - Limited IAR Kickstart (Europe)\Obj\ #
#                            test.r43"                                         #
#                            "C:\Program Files (x86)\ChronosSoftware\eZ430-Chr #
#                            onos\Software Projects\Chronos Watch\IAR\Sports W #
#                            atch\868MHz - Limited IAR Kickstart (Europe)\Obj\ #
#                            user.r43"                                         #
#                            "C:\Program Files (x86)\ChronosSoftware\eZ430-Chr #
#                            onos\Software Projects\Chronos Watch\IAR\Sports W #
#                            atch\bluerobin\BlueRobin_RX_868MHz.r43"           #
#                            "C:\Program Files (x86)\ChronosSoftware\eZ430-Chr #
#                            onos\Software Projects\Chronos Watch\IAR\Sports W #
#                            atch\driver\ez430_chronos_codesize_limited_driver #
#                            s.r43"                                            #
#                            "C:\Program Files (x86)\ChronosSoftware\eZ430-Chr #
#                            onos\Software Projects\Chronos Watch\IAR\Sports W #
#                            atch\simpliciti\CC430_End_Device_868MHz.r43"      #
#                            -o                                                #
#                            "C:\Program Files (x86)\ChronosSoftware\eZ430-Chr #
#                            onos\Software Projects\Chronos Watch\IAR\Sports W #
#                            atch\868MHz - Limited IAR Kickstart (Europe)\Exe\ #
#                            ez430_chronos_868MHz.d43"                         #
#                            -l                                                #
#                            "C:\Program Files (x86)\ChronosSoftware\eZ430-Chr #
#                            onos\Software Projects\Chronos Watch\IAR\Sports W #
#                            atch\868MHz - Limited IAR Kickstart (Europe)\List #
#                            \ez430_chronos_868MHz.map"                        #
#                            -xms                                              #
#                            "-IC:\Program Files (x86)\ChronosSoftware\IAR Sys #
#                            tems\Embedded Workbench 5.4 Kickstart\430\LIB\"   #
#                            -f                                                #
#                            "C:\Program Files (x86)\ChronosSoftware\IAR Syste #
#                            ms\Embedded Workbench 5.4 Kickstart\430\CONFIG\ln #
#                            kCC430F6137.xcl"                                  #
#                            (-cmsp430                                         #
#                            -Z(DATA)DATA16_I,DATA16_Z,DATA16_N,DATA16_HEAP+_D #
#                            ATA16_HEAP_SIZE=1C00-2BFD                         #
#                            -Z(DATA)CSTACK+_STACK_SIZE#                       #
#                            -Z(CODE)INFO=1800-19FF -Z(CODE)INFOA=1980-19FF    #
#                            -Z(CODE)INFOB=1900-197F -Z(CODE)INFOC=1880-18FF   #
#                            -Z(CODE)INFOD=1800-187F                           #
#                            -Z(CONST)DATA16_C,DATA16_ID,DIFUNCT,CHECKSUM=8000 #
#                            -FF7F                                             #
#                            -Z(CODE)CSTART,ISR_CODE=8000-FF7F                 #
#                            -P(CODE)CODE=8000-FF7F -Z(CODE)INTVEC=FF80-FFFF   #
#                            -Z(CODE)RESET=FFFE-FFFF) -D_STACK_SIZE=100 -rt    #
#                            "C:\Program Files (x86)\ChronosSoftware\IAR Syste #
#                            ms\Embedded Workbench 5.4 Kickstart\430\LIB\DLIB\ #
#                            dl430xsfn.r43"                                    #
#                            -e_PrintfLarge=_Printf -e_ScanfLarge=_Scanf       #
#                            -D_DATA16_HEAP_SIZE=50 -s __program_start         #
#                            -D_DATA20_HEAP_SIZE=50                            #
#                                                                              #
#                           Copyright (C) 1987-2009 IAR Systems AB.            #
################################################################################





                ****************************************
                *                                      *
                *           CROSS REFERENCE            *
                *                                      *
                ****************************************

       Program entry at :           868E  Relocatable, from module : ?cstart




                ****************************************
                *                                      *
                *            RUNTIME MODEL             *
                *                                      *
                ****************************************

  __core                 = 430X
  __data_model           = small
  __dlib_file_descriptor = 0
  __double_size          = 32
  __pic                  = no
  __reg_r4               = free
  __reg_r5               = free
  __rt_version           = 3



                ****************************************
                *                                      *
                *              MODULE MAP              *
                *                                      *
                ****************************************


  DEFINED ABSOLUTE ENTRIES
    *************************************************************************

  DEFINED ABSOLUTE ENTRIES
  PROGRAM MODULE, NAME : ?ABS_ENTRY_MOD

Absolute parts
           ENTRY                   ADDRESS         REF BY
           =====                   =======         ======
           _DATA20_HEAP_SIZE       0050 
           _DATA16_HEAP_SIZE       0050 
           _STACK_SIZE             0100 
    *************************************************************************

  FILE NAME : C:\Program Files (x86)\ChronosSoftware\eZ430-Chronos\Software Projects\Chronos Watch\IAR\Sports Watch\868MHz - Limited IAR Kickstart (Europe)\Obj\acceleration.r43
  PROGRAM MODULE, NAME : acceleration

  SEGMENTS IN THE MODULE
  ======================
DATA16_Z
  Relative segment, address: 1C78 - 1C81 (0xa bytes), align: 1
  Segment part 3.             Intra module refs:   display_acceleration
                                                   do_acceleration_measurement
                                                   is_acceleration_measurement
                                                   reset_acceleration
                                                   sx_acceleration
           ENTRY                   ADDRESS         REF BY
           =====                   =======         ======
           sAccel                  1C78            TIMER0_A0_ISR (timer)
                                                   simpliciti_get_ed_data_callback (rfsimpliciti)
                                                   test_mode (test)
    -------------------------------------------------------------------------
DATA16_C
  Relative segment, address: 819E - 81A1 (0x4 bytes), align: 0
  Segment part 2.             Intra module refs:   display_acceleration
    -------------------------------------------------------------------------
DATA16_C
  Relative segment, address: 8000 - 800D (0xe bytes), align: 1
  Segment part 4.             Intra module refs:   convert_acceleration_value_to_mgrav
           ENTRY                   ADDRESS         REF BY
           =====                   =======         ======
           mgrav_per_bit           8000 
    -------------------------------------------------------------------------
<CODE> 1 (was CODE)
  Relative segment, address: FB9E - FBAB (0xe bytes), align: 1
  Segment part 11.
           ENTRY                   ADDRESS         REF BY
           =====                   =======         ======
           reset_acceleration      FB9E            init_global_variables (main)
               CSTACK = 00000000 ( 00000004 )
    -------------------------------------------------------------------------
<CODE> 1 (was CODE)
  Relative segment, address: F58C - F5A7 (0x1c bytes), align: 1
  Segment part 10.
           ENTRY                   ADDRESS         REF BY
           =====                   =======         ======
           sx_acceleration         F58C            menu_L1_Acceleration (menu)
               calls direct
               CSTACK = 00000000 ( 00000004 )
    -------------------------------------------------------------------------
<CODE> 1 (was CODE)
  Relative segment, address: FDCC - FDD5 (0xa bytes), align: 1
  Segment part 5.             Intra module refs:   convert_acceleration_value_to_mgrav
                                                   display_acceleration
           ENTRY                   ADDRESS         REF BY
           =====                   =======         ======
           acceleration_value_is_positive
                                   FDCC 
               CSTACK = 00000000 ( 00000004 )
    -------------------------------------------------------------------------
<CODE> 1 (was CODE)
  Relative segment, address: E2A2 - E2EB (0x4a bytes), align: 1
  Segment part 6.             Intra module refs:   display_acceleration
           ENTRY                   ADDRESS         REF BY
           =====                   =======         ======
           convert_acceleration_value_to_mgrav
                                   E2A2 
               calls direct
               CSTACK = 00000000 ( 00000010 )
    -------------------------------------------------------------------------
<CODE> 1 (was CODE)
  Relative segment, address: F738 - F74F (0x18 bytes), align: 1
  Segment part 7.             Intra module refs:   display_acceleration
           ENTRY                   ADDRESS         REF BY
           =====                   =======         ======
           is_acceleration_measurement
                                   F738            TIMER0_A0_ISR (timer)
               CSTACK = 00000000 ( 00000004 )
    -------------------------------------------------------------------------
<CODE> 1 (was CODE)
  Relative segment, address: FB28 - FB37 (0x10 bytes), align: 1
  Segment part 9.
           ENTRY                   ADDRESS         REF BY
           =====                   =======         ======
           do_acceleration_measurement
                                   FB28            process_requests (main)
               calls direct
               CSTACK = 00000000 ( 00000004 )
    -------------------------------------------------------------------------
<CODE> 1 (was CODE)
  Relative segment, address: A66E - A7C7 (0x15a bytes), align: 1
  Segment part 8.
           ENTRY                   ADDRESS         REF BY
           =====                   =======         ======
           display_acceleration    A66E            menu_L1_Acceleration (menu)
               calls direct
               CSTACK = 00000000 ( 00000010 )

    *************************************************************************

  FILE NAME : C:\Program Files (x86)\ChronosSoftware\eZ430-Chronos\Software Projects\Chronos Watch\IAR\Sports Watch\868MHz - Limited IAR Kickstart (Europe)\Obj\alarm.r43
  PROGRAM MODULE, NAME : alarm

  SEGMENTS IN THE MODULE
  ======================
DATA16_Z
  Relative segment, address: 1DA4 - 1DA7 (0x4 bytes), align: 0
  Segment part 2.             Intra module refs:   check_alarm
                                                   display_alarm
                                                   mx_alarm
                                                   reset_alarm
                                                   stop_alarm
                                                   sx_alarm
           ENTRY                   ADDRESS         REF BY
           =====                   =======         ======
           sAlarm                  1DA4            PORT2_ISR (ports)
                                                   TIMER0_A0_ISR (timer)
                                                   simpliciti_sync_decode_ap_cmd_callback (rfsimpliciti)
                                                   simpliciti_sync_get_data_callback (rfsimpliciti)
    -------------------------------------------------------------------------
<CODE> 1 (was CODE)
  Relative segment, address: F768 - F77F (0x18 bytes), align: 1
  Segment part 8.
           ENTRY                   ADDRESS         REF BY
           =====                   =======         ======
           reset_alarm             F768            init_global_variables (main)
               CSTACK = 00000000 ( 00000004 )
    -------------------------------------------------------------------------
<CODE> 1 (was CODE)
  Relative segment, address: F3E8 - F407 (0x20 bytes), align: 1
  Segment part 7.
           ENTRY                   ADDRESS         REF BY
           =====                   =======         ======
           check_alarm             F3E8            TIMER0_A0_ISR (timer)
               calls direct
               CSTACK = 00000000 ( 00000004 )
    -------------------------------------------------------------------------
<CODE> 1 (was CODE)
  Relative segment, address: FE4C - FE53 (0x8 bytes), align: 1
  Segment part 6.
           ENTRY                   ADDRESS         REF BY
           =====                   =======         ======
           stop_alarm              FE4C            PORT2_ISR (ports)
                                                   TIMER0_A0_ISR (timer)
               calls direct
               CSTACK = 00000000 ( 00000004 )
    -------------------------------------------------------------------------
<CODE> 1 (was CODE)
  Relative segment, address: EBBE - EBEF (0x32 bytes), align: 1
  Segment part 5.
           ENTRY                   ADDRESS         REF BY
           =====                   =======         ======
           sx_alarm                EBBE            menu_L1_Alarm (menu)
               CSTACK = 00000000 ( 00000004 )
    -------------------------------------------------------------------------
<CODE> 1 (was CODE)
  Relative segment, address: B608 - B6F9 (0xf2 bytes), align: 1
  Segment part 4.
           ENTRY                   ADDRESS         REF BY
           =====                   =======         ======
           mx_alarm                B608            menu_L1_Alarm (menu)
               calls direct
               CSTACK = 00000000 ( 0000001A )
    -------------------------------------------------------------------------
<CODE> 1 (was CODE)
  Relative segment, address: B8D0 - B9B5 (0xe6 bytes), align: 1
  Segment part 3.
           ENTRY                   ADDRESS         REF BY
           =====                   =======         ======
           display_alarm           B8D0            menu_L1_Alarm (menu)
               calls direct
               CSTACK = 00000000 ( 0000000C )

    *************************************************************************

  FILE NAME : C:\Program Files (x86)\ChronosSoftware\eZ430-Chronos\Software Projects\Chronos Watch\IAR\Sports Watch\868MHz - Limited IAR Kickstart (Europe)\Obj\altitude.r43
  PROGRAM MODULE, NAME : altitude

  SEGMENTS IN THE MODULE
  ======================
DATA16_AN
  Relative segment, address: 0200 - 0201 (0x2 bytes), align: 0
  Segment part 1. ROOT.       Intra module refs:   PORT2_ISR (ports)
                                                   TIMER0_A0_ISR (timer)
                                                   button_repeat_function (ports)
                                                   do_altitude_measurement
                                                   simpliciti_get_ed_data_callback (rfsimpliciti)
                                                   start_altitude_measurement
                                                   test_mode (test)
                                                   wakeup_event (main)
           ENTRY                   ADDRESS         REF BY
           =====                   =======         ======
           _A_PAIN_L               0200 
    -------------------------------------------------------------------------
DATA16_AN
  Relative segment, address: 021A - 021B (0x2 bytes), align: 0
  Segment part 2. ROOT.       Intra module refs:   PORT2_ISR (ports)
                                                   as_start (vti_as)
                                                   as_stop (vti_as)
                                                   init_buttons (ports)
                                                   start_altitude_measurement
                                                   stop_altitude_measurement
           ENTRY                   ADDRESS         REF BY
           =====                   =======         ======
           _A_PAIE_L               021A 
    -------------------------------------------------------------------------
DATA16_AN
  Relative segment, address: 021C - 021D (0x2 bytes), align: 0
  Segment part 3. ROOT.       Intra module refs:   PORT2_ISR (ports)
                                                   as_start (vti_as)
                                                   init_buttons (ports)
                                                   start_altitude_measurement
                                                   start_simpliciti_sync (rfsimpliciti)
                                                   start_simpliciti_tx_only (rfsimpliciti)
                                                   stop_altitude_measurement
                                                   sx_cinesync (cinesync)
           ENTRY                   ADDRESS         REF BY
           =====                   =======         ======
           _A_PAIFG_L              021C 
    -------------------------------------------------------------------------
DATA16_Z
  Relative segment, address: 1C82 - 1C8F (0xe bytes), align: 1
  Segment part 6.             Intra module refs:   display_altitude
                                                   do_altitude_measurement
                                                   is_altitude_measurement
                                                   mx_altitude
                                                   reset_altitude_measurement
                                                   start_altitude_measurement
                                                   stop_altitude_measurement
           ENTRY                   ADDRESS         REF BY
           =====                   =======         ======
           sAlt                    1C82            TIMER0_A0_ISR (timer)
                                                   read_calibration_values (main)
                                                   simpliciti_sync_decode_ap_cmd_callback (rfsimpliciti)
                                                   simpliciti_sync_get_data_callback (rfsimpliciti)
    -------------------------------------------------------------------------
<CODE> 1 (was CODE)
  Relative segment, address: E5A4 - E5E3 (0x40 bytes), align: 1
  Segment part 16.
           ENTRY                   ADDRESS         REF BY
           =====                   =======         ======
           reset_altitude_measurement
                                   E5A4            init_global_variables (main)
               calls direct
               CSTACK = 00000000 ( 00000004 )
    -------------------------------------------------------------------------
<CODE> 1 (was CODE)
  Relative segment, address: F5A8 - F5C3 (0x1c bytes), align: 1
  Segment part 8.             Intra module refs:   display_altitude
                                                   mx_altitude
           ENTRY                   ADDRESS         REF BY
           =====                   =======         ======
           convert_m_to_ft         F5A8 
               CSTACK = 00000000 ( 00000004 )
    -------------------------------------------------------------------------
<CODE> 1 (was CODE)
  Relative segment, address: F5C4 - F5DF (0x1c bytes), align: 1
  Segment part 12.            Intra module refs:   mx_altitude
           ENTRY                   ADDRESS         REF BY
           =====                   =======         ======
           convert_ft_to_m         F5C4 
               CSTACK = 00000000 ( 00000004 )
    -------------------------------------------------------------------------
<CODE> 1 (was CODE)
  Relative segment, address: F780 - F797 (0x18 bytes), align: 1
  Segment part 15.
           ENTRY                   ADDRESS         REF BY
           =====                   =======         ======
           is_altitude_measurement
                                   F780            TIMER0_A0_ISR (timer)
               CSTACK = 00000000 ( 00000004 )
    -------------------------------------------------------------------------
<CODE> 1 (was CODE)
  Relative segment, address: E624 - E663 (0x40 bytes), align: 1
  Segment part 10.            Intra module refs:   display_altitude
                                                   reset_altitude_measurement
           ENTRY                   ADDRESS         REF BY
           =====                   =======         ======
           start_altitude_measurement
                                   E624            start_simpliciti_sync (rfsimpliciti)
               calls direct
               CSTACK = 00000000 ( 00000004 )
    -------------------------------------------------------------------------
<CODE> 1 (was CODE)
  Relative segment, address: F554 - F56F (0x1c bytes), align: 1
  Segment part 7.             Intra module refs:   display_altitude
                                                   reset_altitude_measurement
           ENTRY                   ADDRESS         REF BY
           =====                   =======         ======
           stop_altitude_measurement
                                   F554            TIMER0_A0_ISR (timer)
                                                   start_simpliciti_sync (rfsimpliciti)
                                                   test_mode (test)
               calls direct
               CSTACK = 00000000 ( 00000004 )
    -------------------------------------------------------------------------
<CODE> 1 (was CODE)
  Relative segment, address: C4EE - C591 (0xa4 bytes), align: 1
  Segment part 9.             Intra module refs:   start_altitude_measurement
           ENTRY                   ADDRESS         REF BY
           =====                   =======         ======
           do_altitude_measurement
                                   C4EE            process_requests (main)
                                                   test_mode (test)
               calls direct
               CSTACK = 00000000 ( 00000010 )
    -------------------------------------------------------------------------
<CODE> 1 (was CODE)
  Relative segment, address: FEF4 - FEF5 (0x2 bytes), align: 1
  Segment part 14.
           ENTRY                   ADDRESS         REF BY
           =====                   =======         ======
           sx_altitude             FEF4            menu_L1_Altitude (menu)
               CSTACK = 00000000 ( 00000004 )
    -------------------------------------------------------------------------
<CODE> 1 (was CODE)
  Relative segment, address: BB7C - BC5B (0xe0 bytes), align: 1
  Segment part 13.
           ENTRY                   ADDRESS         REF BY
           =====                   =======         ======
           mx_altitude             BB7C            menu_L1_Altitude (menu)
               calls direct
               CSTACK = 00000000 ( 0000001E )
    -------------------------------------------------------------------------
<CODE> 1 (was CODE)
  Relative segment, address: A900 - AA33 (0x134 bytes), align: 1
  Segment part 11.
           ENTRY                   ADDRESS         REF BY
           =====                   =======         ======
           display_altitude        A900            menu_L1_Altitude (menu)
                                                   test_mode (test)
               calls direct
               CSTACK = 00000000 ( 00000008 )
    -------------------------------------------------------------------------
DATA16_C
  Relative segment, address: 81A2 - 81A5 (0x4 bytes), align: 0
  Segment part 5.             Intra module refs:   start_altitude_measurement

    *************************************************************************

  FILE NAME : C:\Program Files (x86)\ChronosSoftware\eZ430-Chronos\Software Projects\Chronos Watch\IAR\Sports Watch\868MHz - Limited IAR Kickstart (Europe)\Obj\battery.r43
  PROGRAM MODULE, NAME : battery

  SEGMENTS IN THE MODULE
  ======================
DATA16_Z
  Relative segment, address: 1C90 - 1C95 (0x6 bytes), align: 1
  Segment part 2.             Intra module refs:   battery_measurement
                                                   display_battery_V
                                                   reset_batt_measurement
           ENTRY                   ADDRESS         REF BY
           =====                   =======         ======
           sBatt                   1C90            TIMER0_A0_ISR (timer)
                                                   read_calibration_values (main)
    -------------------------------------------------------------------------
<CODE> 1 (was CODE)
  Relative segment, address: FA28 - FA39 (0x12 bytes), align: 1
  Segment part 5.
           ENTRY                   ADDRESS         REF BY
           =====                   =======         ======
           reset_batt_measurement
                                   FA28            init_global_variables (main)
               CSTACK = 00000000 ( 00000004 )
    -------------------------------------------------------------------------
<CODE> 1 (was CODE)
  Relative segment, address: D710 - D77B (0x6c bytes), align: 1
  Segment part 4.
           ENTRY                   ADDRESS         REF BY
           =====                   =======         ======
           battery_measurement     D710            init_global_variables (main)
                                                   process_requests (main)
               calls direct
               CSTACK = 00000000 ( 00000004 )
    -------------------------------------------------------------------------
<CODE> 1 (was CODE)
  Relative segment, address: D632 - D6A1 (0x70 bytes), align: 1
  Segment part 3.
           ENTRY                   ADDRESS         REF BY
           =====                   =======         ======
           display_battery_V       D632            menu_L2_Battery (menu)
               calls direct
               CSTACK = 00000000 ( 00000004 )

    *************************************************************************

  FILE NAME : C:\Program Files (x86)\ChronosSoftware\eZ430-Chronos\Software Projects\Chronos Watch\IAR\Sports Watch\868MHz - Limited IAR Kickstart (Europe)\Obj\bluerobin.r43
  PROGRAM MODULE, NAME : bluerobin

  SEGMENTS IN THE MODULE
  ======================
DATA16_Z
  Relative segment, address: 1C96 - 1CAD (0x18 bytes), align: 1
  Segment part 5.             Intra module refs:   display_caldist
                                                   display_calories
                                                   display_distance
                                                   display_heartrate
                                                   display_speed
                                                   get_bluerobin_data
                                                   is_bluerobin
                                                   is_bluerobin_searching
                                                   mx_caldist
                                                   reset_bluerobin
                                                   stop_bluerobin
                                                   sx_bluerobin
                                                   sx_caldist
           ENTRY                   ADDRESS         REF BY
           =====                   =======         ======
           sBlueRobin              1C96            radio_ISR (radio)
    -------------------------------------------------------------------------
DATA16_C
  Relative segment, address: 81A6 - 81A8 (0x3 bytes), align: 0
  Segment part 2.             Intra module refs:   mx_caldist
    -------------------------------------------------------------------------
DATA16_C
  Relative segment, address: 81A9 - 81AB (0x3 bytes), align: 0
  Segment part 3.             Intra module refs:   mx_caldist
    -------------------------------------------------------------------------
DATA16_C
  Relative segment, address: 81AC - 81AF (0x4 bytes), align: 0
  Segment part 4.             Intra module refs:   display_heartrate
    -------------------------------------------------------------------------
DATA16_C
  Relative segment, address: 81B0 - 81B7 (0x8 bytes), align: 0
  Segment part 6.             Intra module refs:   display_selection_User_Sex1
           ENTRY                   ADDRESS         REF BY
           =====                   =======         ======
           selection_User_Sex      81B0 
    -------------------------------------------------------------------------
<CODE> 1 (was CODE)
  Relative segment, address: EA16 - EA4D (0x38 bytes), align: 1
  Segment part 21.
           ENTRY                   ADDRESS         REF BY
           =====                   =======         ======
           reset_bluerobin         EA16            init_global_variables (main)
               CSTACK = 00000000 ( 00000004 )
    -------------------------------------------------------------------------
<CODE> 1 (was CODE)
  Relative segment, address: FE6E - FE73 (0x6 bytes), align: 1
  Segment part 20.
           ENTRY                   ADDRESS         REF BY
           =====                   =======         ======
           mx_bluerobin            FE6E            menu_L1_Heartrate (menu)
               CSTACK = 00000000 ( 00000004 )
    -------------------------------------------------------------------------
<CODE> 1 (was CODE)
  Relative segment, address: AEF0 - B003 (0x114 bytes), align: 1
  Segment part 19.
           ENTRY                   ADDRESS         REF BY
           =====                   =======         ======
           sx_bluerobin            AEF0            menu_L1_Heartrate (menu)
                                                   test_mode (test)
               calls direct
               CSTACK = 00000000 ( 00000006 )
    -------------------------------------------------------------------------
<CODE> 1 (was CODE)
  Relative segment, address: F538 - F553 (0x1c bytes), align: 1
  Segment part 18.            Intra module refs:   mx_caldist
           ENTRY                   ADDRESS         REF BY
           =====                   =======         ======
           display_selection_User_Sex1
                                   F538 
               calls direct
               CSTACK = 00000000 ( 00000008 )
    -------------------------------------------------------------------------
<CODE> 1 (was CODE)
  Relative segment, address: A048 - A229 (0x1e2 bytes), align: 1
  Segment part 17.
           ENTRY                   ADDRESS         REF BY
           =====                   =======         ======
           mx_caldist              A048            menu_L2_CalDist (menu)
               calls direct
               CSTACK = 00000000 ( 0000001E )
    -------------------------------------------------------------------------
<CODE> 1 (was CODE)
  Relative segment, address: F178 - F19D (0x26 bytes), align: 1
  Segment part 16.
           ENTRY                   ADDRESS         REF BY
           =====                   =======         ======
           sx_caldist              F178            menu_L2_CalDist (menu)
               calls direct
               CSTACK = 00000000 ( 00000006 )
    -------------------------------------------------------------------------
<CODE> 1 (was CODE)
  Relative segment, address: D8B0 - D915 (0x66 bytes), align: 1
  Segment part 15.
           ENTRY                   ADDRESS         REF BY
           =====                   =======         ======
           display_heartrate       D8B0            menu_L1_Heartrate (menu)
                                                   test_mode (test)
               calls direct
               CSTACK = 00000000 ( 00000006 )
    -------------------------------------------------------------------------
<CODE> 1 (was CODE)
  Relative segment, address: B9B6 - BA99 (0xe4 bytes), align: 1
  Segment part 14.
           ENTRY                   ADDRESS         REF BY
           =====                   =======         ======
           display_speed           B9B6            menu_L1_Speed (menu)
               calls direct
               CSTACK = 00000000 ( 00000006 )
    -------------------------------------------------------------------------
<CODE> 1 (was CODE)
  Relative segment, address: BA9A - BB7B (0xe2 bytes), align: 1
  Segment part 12.            Intra module refs:   display_caldist
           ENTRY                   ADDRESS         REF BY
           =====                   =======         ======
           display_distance        BA9A 
               calls direct
               CSTACK = 00000000 ( 0000000C )
    -------------------------------------------------------------------------
<CODE> 1 (was CODE)
  Relative segment, address: FB82 - FB8F (0xe bytes), align: 1
  Segment part 13.            Intra module refs:   sx_caldist
           ENTRY                   ADDRESS         REF BY
           =====                   =======         ======
           display_caldist         FB82            menu_L2_CalDist (menu)
               calls direct
               CSTACK = 00000000 ( 00000004 )
    -------------------------------------------------------------------------
<CODE> 1 (was CODE)
  Relative segment, address: DC12 - DC69 (0x58 bytes), align: 1
  Segment part 11.            Intra module refs:   display_caldist
           ENTRY                   ADDRESS         REF BY
           =====                   =======         ======
           display_calories        DC12 
               calls direct
               CSTACK = 00000000 ( 0000000C )
    -------------------------------------------------------------------------
<CODE> 1 (was CODE)
  Relative segment, address: FB58 - FB65 (0xe bytes), align: 1
  Segment part 10.            Intra module refs:   display_heartrate
           ENTRY                   ADDRESS         REF BY
           =====                   =======         ======
           is_bluerobin            FB58            TIMER0_A0_ISR (timer)
                                                   display_update (main)
                                                   sx_ppt (rfsimpliciti)
                                                   sx_rf (rfsimpliciti)
                                                   sx_rfbsl (rfbsl)
                                                   sx_sync (rfsimpliciti)
               CSTACK = 00000000 ( 00000004 )
    -------------------------------------------------------------------------
<CODE> 1 (was CODE)
  Relative segment, address: FB66 - FB73 (0xe bytes), align: 1
  Segment part 9.
           ENTRY                   ADDRESS         REF BY
           =====                   =======         ======
           is_bluerobin_searching
                                   FB66            TIMER0_A0_ISR (timer)
               CSTACK = 00000000 ( 00000004 )
    -------------------------------------------------------------------------
<CODE> 1 (was CODE)
  Relative segment, address: CEF8 - CF7D (0x86 bytes), align: 1
  Segment part 8.
           ENTRY                   ADDRESS         REF BY
           =====                   =======         ======
           get_bluerobin_data      CEF8            TIMER0_A0_ISR (timer)
                                                   test_mode (test)
               calls direct
               CSTACK = 00000000 ( 00000004 )
    -------------------------------------------------------------------------
<CODE> 1 (was CODE)
  Relative segment, address: E336 - E37F (0x4a bytes), align: 1
  Segment part 7.             Intra module refs:   get_bluerobin_data
                                                   sx_bluerobin
           ENTRY                   ADDRESS         REF BY
           =====                   =======         ======
           stop_bluerobin          E336            test_mode (test)
               calls direct
               CSTACK = 00000000 ( 00000004 )

    *************************************************************************

  FILE NAME : C:\Program Files (x86)\ChronosSoftware\eZ430-Chronos\Software Projects\Chronos Watch\IAR\Sports Watch\868MHz - Limited IAR Kickstart (Europe)\Obj\cinema.r43
  PROGRAM MODULE, NAME : cinema

  SEGMENTS IN THE MODULE
  ======================
DATA16_Z
  Relative segment, address: 1DA8 - 1DA8 (0x1 bytes), align: 0
  Segment part 2.             Intra module refs:   reset_cinema
           ENTRY                   ADDRESS         REF BY
           =====                   =======         ======
           cinemaDisplay           1DA8            sx_cinesync (cinesync)
    -------------------------------------------------------------------------
DATA16_Z
  Relative segment, address: 1DA9 - 1DA9 (0x1 bytes), align: 0
  Segment part 3.             Intra module refs:   display_cinema
                                                   gotoCurrentOut
                                                   reset_cinema
                                                   sx_cinema
           ENTRY                   ADDRESS         REF BY
           =====                   =======         ======
           outPos                  1DA9 
    -------------------------------------------------------------------------
DATA16_Z
  Relative segment, address: 1DAA - 1DAA (0x1 bytes), align: 0
  Segment part 4.             Intra module refs:   gotoCurrentOut
                                                   reset_cinema
                                                   sx_cinema
           ENTRY                   ADDRESS         REF BY
           =====                   =======         ======
           outAmount               1DAA            simpliciti_sync_decode_ap_cmd_callback (rfsimpliciti)
    -------------------------------------------------------------------------
DATA16_Z
  Relative segment, address: 1DAB - 1ED6 (0x12c bytes), align: 0
  Segment part 5.             Intra module refs:   display_cinema
                                                   gotoCurrentOut
           ENTRY                   ADDRESS         REF BY
           =====                   =======         ======
           outArray                1DAB            simpliciti_sync_decode_ap_cmd_callback (rfsimpliciti)
    -------------------------------------------------------------------------
<CODE> 1 (was CODE)
  Relative segment, address: FB90 - FB9D (0xe bytes), align: 1
  Segment part 10.
           ENTRY                   ADDRESS         REF BY
           =====                   =======         ======
           reset_cinema            FB90            init_global_variables (main)
               CSTACK = 00000000 ( 00000004 )
    -------------------------------------------------------------------------
<CODE> 1 (was CODE)
  Relative segment, address: F6A2 - F6BB (0x1a bytes), align: 1
  Segment part 9.
           ENTRY                   ADDRESS         REF BY
           =====                   =======         ======
           sx_cinema               F6A2            menu_L2_Cinema (menu)
               CSTACK = 00000000 ( 00000004 )
    -------------------------------------------------------------------------
<CODE> 1 (was CODE)
  Relative segment, address: F014 - F03D (0x2a bytes), align: 1
  Segment part 7.             Intra module refs:   mx_cinema
           ENTRY                   ADDRESS         REF BY
           =====                   =======         ======
           gotoCurrentOut          F014            check_alarm (alarm)
               CSTACK = 00000000 ( 00000004 )
    -------------------------------------------------------------------------
<CODE> 1 (was CODE)
  Relative segment, address: FEE0 - FEE3 (0x4 bytes), align: 1
  Segment part 8.
           ENTRY                   ADDRESS         REF BY
           =====                   =======         ======
           mx_cinema               FEE0            menu_L2_Cinema (menu)
               calls direct
               CSTACK = 00000000 ( 00000004 )
    -------------------------------------------------------------------------
<CODE> 1 (was CODE)
  Relative segment, address: D106 - D185 (0x80 bytes), align: 1
  Segment part 6.
           ENTRY                   ADDRESS         REF BY
           =====                   =======         ======
           display_cinema          D106            menu_L2_Cinema (menu)
               calls direct
               CSTACK = 00000000 ( 0000000C )

    *************************************************************************

  FILE NAME : C:\Program Files (x86)\ChronosSoftware\eZ430-Chronos\Software Projects\Chronos Watch\IAR\Sports Watch\868MHz - Limited IAR Kickstart (Europe)\Obj\cinesync.r43
  PROGRAM MODULE, NAME : cinesync

  SEGMENTS IN THE MODULE
  ======================
DATA16_Z
  Relative segment, address: 1ED7 - 1ED7 (0x1 bytes), align: 0
  Segment part 4.             Intra module refs:   display_cinesync
                                                   sx_cinesync
           ENTRY                   ADDRESS         REF BY
           =====                   =======         ======
           cinesyncDisplay         1ED7 
    -------------------------------------------------------------------------
DATA16_Z
  Relative segment, address: 1ED8 - 1ED9 (0x2 bytes), align: 0
  Segment part 5.             Intra module refs:   display_cinesync
           ENTRY                   ADDRESS         REF BY
           =====                   =======         ======
           cineDate                1ED8            simpliciti_sync_decode_ap_cmd_callback (rfsimpliciti)
    -------------------------------------------------------------------------
<CODE> 1 (was CODE)
  Relative segment, address: CE6E - CEF7 (0x8a bytes), align: 1
  Segment part 7.
           ENTRY                   ADDRESS         REF BY
           =====                   =======         ======
           sx_cinesync             CE6E            menu_L2_CineSync (menu)
               calls direct
               CSTACK = 00000000 ( 00000004 )
    -------------------------------------------------------------------------
<CODE> 1 (was CODE)
  Relative segment, address: D004 - D085 (0x82 bytes), align: 1
  Segment part 6.
           ENTRY                   ADDRESS         REF BY
           =====                   =======         ======
           display_cinesync        D004            menu_L2_CineSync (menu)
               calls direct
               CSTACK = 00000000 ( 00000008 )
    -------------------------------------------------------------------------
DATA16_C
  Relative segment, address: 81B8 - 81BE (0x7 bytes), align: 0
  Segment part 3.             Intra module refs:   display_cinesync

    *************************************************************************

  FILE NAME : C:\Program Files (x86)\ChronosSoftware\eZ430-Chronos\Software Projects\Chronos Watch\IAR\Sports Watch\868MHz - Limited IAR Kickstart (Europe)\Obj\clock.r43
  PROGRAM MODULE, NAME : clock

  SEGMENTS IN THE MODULE
  ======================
DATA16_Z
  Relative segment, address: 1CAE - 1CBB (0xe bytes), align: 1
  Segment part 2.             Intra module refs:   clock_tick
                                                   display_time
                                                   mx_time
                                                   reset_clock
                                                   sx_time
           ENTRY                   ADDRESS         REF BY
           =====                   =======         ======
           sTime                   1CAE            PORT2_ISR (ports)
                                                   TIMER0_A0_ISR (timer)
                                                   button_repeat_function (ports)
                                                   check_alarm (alarm)
                                                   gotoCurrentOut (cinema)
                                                   simpliciti_sync_decode_ap_cmd_callback (rfsimpliciti)
                                                   simpliciti_sync_get_data_callback (rfsimpliciti)
    -------------------------------------------------------------------------
DATA16_C
  Relative segment, address: 81BF - 81C6 (0x8 bytes), align: 0
  Segment part 3.             Intra module refs:   display_selection_Timeformat1
           ENTRY                   ADDRESS         REF BY
           =====                   =======         ======
           selection_Timeformat    81BF 
    -------------------------------------------------------------------------
<CODE> 1 (was CODE)
  Relative segment, address: F210 - F233 (0x24 bytes), align: 1
  Segment part 11.
           ENTRY                   ADDRESS         REF BY
           =====                   =======         ======
           reset_clock             F210            init_global_variables (main)
               CSTACK = 00000000 ( 00000004 )
    -------------------------------------------------------------------------
<CODE> 1 (was CODE)
  Relative segment, address: E12A - E175 (0x4c bytes), align: 1
  Segment part 10.
           ENTRY                   ADDRESS         REF BY
           =====                   =======         ======
           clock_tick              E12A            TIMER0_A0_ISR (timer)
               calls direct
               CSTACK = 00000000 ( 00000004 )
    -------------------------------------------------------------------------
<CODE> 1 (was CODE)
  Relative segment, address: F868 - F87D (0x16 bytes), align: 1
  Segment part 4.             Intra module refs:   display_time
           ENTRY                   ADDRESS         REF BY
           =====                   =======         ======
           convert_hour_to_12H_format
                                   F868            display_alarm (alarm)
                                                   display_hours1 (display)
               CSTACK = 00000000 ( 00000004 )
    -------------------------------------------------------------------------
<CODE> 1 (was CODE)
  Relative segment, address: FDB8 - FDC1 (0xa bytes), align: 1
  Segment part 9.
           ENTRY                   ADDRESS         REF BY
           =====                   =======         ======
           is_hour_am              FDB8            display_am_pm_symbol (display)
               CSTACK = 00000000 ( 00000004 )
    -------------------------------------------------------------------------
<CODE> 1 (was CODE)
  Relative segment, address: F570 - F58B (0x1c bytes), align: 1
  Segment part 8.             Intra module refs:   mx_time
           ENTRY                   ADDRESS         REF BY
           =====                   =======         ======
           display_selection_Timeformat1
                                   F570 
               calls direct
               CSTACK = 00000000 ( 00000008 )
    -------------------------------------------------------------------------
<CODE> 1 (was CODE)
  Relative segment, address: 9A6C - 9C65 (0x1fa bytes), align: 1
  Segment part 7.
           ENTRY                   ADDRESS         REF BY
           =====                   =======         ======
           mx_time                 9A6C            menu_L1_Time (menu)
               calls direct
               CSTACK = 00000000 ( 00000024 )
    -------------------------------------------------------------------------
<CODE> 1 (was CODE)
  Relative segment, address: FA16 - FA27 (0x12 bytes), align: 1
  Segment part 6.
           ENTRY                   ADDRESS         REF BY
           =====                   =======         ======
           sx_time                 FA16            menu_L1_Time (menu)
               CSTACK = 00000000 ( 00000004 )
    -------------------------------------------------------------------------
<CODE> 1 (was CODE)
  Relative segment, address: 9E58 - A047 (0x1f0 bytes), align: 1
  Segment part 5.
           ENTRY                   ADDRESS         REF BY
           =====                   =======         ======
           display_time            9E58            menu_L1_Time (menu)
                                                   simpliciti_get_ed_data_callback (rfsimpliciti)
                                                   start_simpliciti_tx_only (rfsimpliciti)
               calls direct
               CSTACK = 00000000 ( 0000000C )

    *************************************************************************

  FILE NAME : C:\Program Files (x86)\ChronosSoftware\eZ430-Chronos\Software Projects\Chronos Watch\IAR\Sports Watch\868MHz - Limited IAR Kickstart (Europe)\Obj\date.r43
  PROGRAM MODULE, NAME : date

  SEGMENTS IN THE MODULE
  ======================
DATA16_Z
  Relative segment, address: 1CBC - 1CC1 (0x6 bytes), align: 1
  Segment part 2.             Intra module refs:   add_day
                                                   display_date
                                                   mx_date
                                                   reset_date
                                                   sx_date
           ENTRY                   ADDRESS         REF BY
           =====                   =======         ======
           sDate                   1CBC            simpliciti_sync_decode_ap_cmd_callback (rfsimpliciti)
                                                   simpliciti_sync_get_data_callback (rfsimpliciti)
    -------------------------------------------------------------------------
<CODE> 1 (was CODE)
  Relative segment, address: F8D4 - F8E7 (0x14 bytes), align: 1
  Segment part 8.
           ENTRY                   ADDRESS         REF BY
           =====                   =======         ======
           reset_date              F8D4            init_global_variables (main)
               CSTACK = 00000000 ( 00000004 )
    -------------------------------------------------------------------------
<CODE> 1 (was CODE)
  Relative segment, address: D462 - D4D7 (0x76 bytes), align: 1
  Segment part 5.             Intra module refs:   add_day
                                                   mx_date
           ENTRY                   ADDRESS         REF BY
           =====                   =======         ======
           get_numberOfDays        D462 
               CSTACK = 00000000 ( 00000006 )
    -------------------------------------------------------------------------
<CODE> 1 (was CODE)
  Relative segment, address: EAEE - EB21 (0x34 bytes), align: 1
  Segment part 7.
           ENTRY                   ADDRESS         REF BY
           =====                   =======         ======
           add_day                 EAEE            clock_tick (clock)
               calls direct
               CSTACK = 00000000 ( 00000004 )
    -------------------------------------------------------------------------
<CODE> 1 (was CODE)
  Relative segment, address: 9C66 - 9E57 (0x1f2 bytes), align: 1
  Segment part 6.
           ENTRY                   ADDRESS         REF BY
           =====                   =======         ======
           mx_date                 9C66            menu_L2_Date (menu)
               calls direct
               CSTACK = 00000000 ( 0000002A )
    -------------------------------------------------------------------------
<CODE> 1 (was CODE)
  Relative segment, address: FAA6 - FAB7 (0x12 bytes), align: 1
  Segment part 4.
           ENTRY                   ADDRESS         REF BY
           =====                   =======         ======
           sx_date                 FAA6            menu_L2_Date (menu)
               CSTACK = 00000000 ( 00000004 )
    -------------------------------------------------------------------------
<CODE> 1 (was CODE)
  Relative segment, address: B512 - B607 (0xf6 bytes), align: 1
  Segment part 3.
           ENTRY                   ADDRESS         REF BY
           =====                   =======         ======
           display_date            B512            menu_L2_Date (menu)
               calls direct
               CSTACK = 00000000 ( 00000008 )

    *************************************************************************

  FILE NAME : C:\Program Files (x86)\ChronosSoftware\eZ430-Chronos\Software Projects\Chronos Watch\IAR\Sports Watch\868MHz - Limited IAR Kickstart (Europe)\Obj\main.r43
  PROGRAM MODULE, NAME : main

  SEGMENTS IN THE MODULE
  ======================
DATA16_AN
  Relative segment, address: 0202 - 0203 (0x2 bytes), align: 0
  Segment part 2. ROOT.       Intra module refs:   as_init (vti_as)
                                                   as_stop (vti_as)
                                                   init_application
                                                   init_buttons (ports)
                                                   stop_buzzer (buzzer)
                                                   toggle_buzzer (buzzer)
           ENTRY                   ADDRESS         REF BY
           =====                   =======         ======
           _A_PAOUT_L              0202 
    -------------------------------------------------------------------------
DATA16_AN
  Relative segment, address: 0204 - 0205 (0x2 bytes), align: 0
  Segment part 3. ROOT.       Intra module refs:   as_init (vti_as)
                                                   as_start (vti_as)
                                                   as_stop (vti_as)
                                                   init_application
                                                   init_buttons (ports)
                                                   ps_init (vti_ps)
           ENTRY                   ADDRESS         REF BY
           =====                   =======         ======
           _A_PADIR_L              0204 
    -------------------------------------------------------------------------
DATA16_AN
  Relative segment, address: 024A - 024B (0x2 bytes), align: 0
  Segment part 4. ROOT.       Intra module refs:   init_application
                                                   lcd_init (display)
           ENTRY                   ADDRESS         REF BY
           =====                   =======         ======
           _A_PCSEL_L              024A 
    -------------------------------------------------------------------------
DATA16_AN
  Relative segment, address: 01C0 - 01C1 (0x2 bytes), align: 0
  Segment part 5. ROOT.       Intra module refs:   init_application
           ENTRY                   ADDRESS         REF BY
           =====                   =======         ======
           _A_PMAPPWD_L            01C0 
    -------------------------------------------------------------------------
DATA16_AN
  Relative segment, address: 01C2 - 01C3 (0x2 bytes), align: 0
  Segment part 6. ROOT.       Intra module refs:   init_application
           ENTRY                   ADDRESS         REF BY
           =====                   =======         ======
           _A_PMAPCTL_L            01C2 
    -------------------------------------------------------------------------
DATA16_AN
  Relative segment, address: 01C8 - 01C9 (0x2 bytes), align: 0
  Segment part 7. ROOT.       Intra module refs:   init_application
           ENTRY                   ADDRESS         REF BY
           =====                   =======         ======
           _A_P1MAP01_L            01C8 
    -------------------------------------------------------------------------
DATA16_AN
  Relative segment, address: 01D0 - 01D1 (0x2 bytes), align: 0
  Segment part 8. ROOT.       Intra module refs:   init_application
           ENTRY                   ADDRESS         REF BY
           =====                   =======         ======
           _A_P2MAP01_L            01D0 
    -------------------------------------------------------------------------
DATA16_AN
  Relative segment, address: 0120 - 0121 (0x2 bytes), align: 0
  Segment part 9. ROOT.       Intra module refs:   SetVCore (bsp)
                                                   SetVCore (pmm)
                                                   SetVCoreDown (pmm)
                                                   SetVCoreUp (bsp)
                                                   SetVCoreUp (pmm)
                                                   init_application
           ENTRY                   ADDRESS         REF BY
           =====                   =======         ======
           _A_PMMCTL0_L            0120 
    -------------------------------------------------------------------------
DATA16_AN
  Relative segment, address: 0102 - 0103 (0x2 bytes), align: 0
  Segment part 10. ROOT.      Intra module refs:   Bsp_SetClocks (bsp)
                                                   init_application
           ENTRY                   ADDRESS         REF BY
           =====                   =======         ======
           _A_SFRIFG1_L            0102 
    -------------------------------------------------------------------------
DATA16_AN
  Relative segment, address: 0160 - 0161 (0x2 bytes), align: 0
  Segment part 11. ROOT.      Intra module refs:   Bsp_SetClocks (bsp)
                                                   init_application
           ENTRY                   ADDRESS         REF BY
           =====                   =======         ======
           _A_UCSCTL0_L            0160 
    -------------------------------------------------------------------------
DATA16_AN
  Relative segment, address: 0162 - 0163 (0x2 bytes), align: 0
  Segment part 12. ROOT.      Intra module refs:   Bsp_SetClocks (bsp)
                                                   init_application
           ENTRY                   ADDRESS         REF BY
           =====                   =======         ======
           _A_UCSCTL1_L            0162 
    -------------------------------------------------------------------------
DATA16_AN
  Relative segment, address: 0164 - 0165 (0x2 bytes), align: 0
  Segment part 13. ROOT.      Intra module refs:   Bsp_SetClocks (bsp)
                                                   init_application
           ENTRY                   ADDRESS         REF BY
           =====                   =======         ======
           _A_UCSCTL2_L            0164 
    -------------------------------------------------------------------------
DATA16_AN
  Relative segment, address: 0166 - 0167 (0x2 bytes), align: 0
  Segment part 14. ROOT.      Intra module refs:   Bsp_SetClocks (bsp)
                                                   init_application
           ENTRY                   ADDRESS         REF BY
           =====                   =======         ======
           _A_UCSCTL3_L            0166 
    -------------------------------------------------------------------------
DATA16_AN
  Relative segment, address: 0168 - 0169 (0x2 bytes), align: 0
  Segment part 15. ROOT.      Intra module refs:   Bsp_SetClocks (bsp)
                                                   init_application
           ENTRY                   ADDRESS         REF BY
           =====                   =======         ======
           _A_UCSCTL4_L            0168 
    -------------------------------------------------------------------------
DATA16_AN
  Relative segment, address: 016C - 016D (0x2 bytes), align: 0
  Segment part 16. ROOT.      Intra module refs:   init_application
           ENTRY                   ADDRESS         REF BY
           =====                   =======         ======
           _A_UCSCTL6_L            016C 
    -------------------------------------------------------------------------
DATA16_AN
  Relative segment, address: 016E - 016F (0x2 bytes), align: 0
  Segment part 17. ROOT.      Intra module refs:   Bsp_SetClocks (bsp)
                                                   init_application
           ENTRY                   ADDRESS         REF BY
           =====                   =======         ======
           _A_UCSCTL7_L            016E 
    -------------------------------------------------------------------------
DATA16_AN
  Relative segment, address: 015C - 015D (0x2 bytes), align: 0
  Segment part 18. ROOT.      Intra module refs:   Timer0_A4_Delay (timer)
                                                   __low_level_init (bsp)
                                                   idle_loop
                                                   init_application
                                                   simpliciti_get_ed_data_callback (rfsimpliciti)
                                                   simpliciti_link (main_ED_BM)
                                                   simpliciti_main_sync (main_ED_BM)
                                                   test_mode (test)
           ENTRY                   ADDRESS         REF BY
           =====                   =======         ======
           _A_WDTCTL_L             015C 
    -------------------------------------------------------------------------
DATA16_Z
  Relative segment, address: 1CC2 - 1CC3 (0x2 bytes), align: 1
  Segment part 25.            Intra module refs:   init_global_variables
                                                   main
                                                   wakeup_event
           ENTRY                   ADDRESS         REF BY
           =====                   =======         ======
           sys                     1CC2            PORT2_ISR (ports)
                                                   TIMER0_A0_ISR (timer)
                                                   TIMER0_A1_5_ISR (timer)
                                                   Timer0_A4_Delay (timer)
                                                   battery_measurement (battery)
                                                   button_repeat_off (ports)
                                                   button_repeat_on (ports)
                                                   display_alarm (alarm)
                                                   display_altitude (altitude)
                                                   display_date (date)
                                                   display_distance (bluerobin)
                                                   display_hours1 (display)
                                                   display_speed (bluerobin)
                                                   display_temperature (temperature)
                                                   display_time (clock)
                                                   mx_alarm (alarm)
                                                   mx_altitude (altitude)
                                                   mx_caldist (bluerobin)
                                                   mx_date (date)
                                                   mx_temperature (temperature)
                                                   mx_time (clock)
                                                   set_value (user)
                                                   simpliciti_sync_decode_ap_cmd_callback (rfsimpliciti)
                                                   simpliciti_sync_get_data_callback (rfsimpliciti)
                                                   sx_bluerobin (bluerobin)
                                                   sx_ppt (rfsimpliciti)
                                                   sx_rf (rfsimpliciti)
                                                   sx_rfbsl (rfbsl)
                                                   sx_sync (rfsimpliciti)
    -------------------------------------------------------------------------
DATA16_Z
  Relative segment, address: 1CC4 - 1CC5 (0x2 bytes), align: 1
  Segment part 26.            Intra module refs:   init_global_variables
                                                   main
                                                   process_requests
           ENTRY                   ADDRESS         REF BY
           =====                   =======         ======
           request                 1CC4            PORT2_ISR (ports)
                                                   TIMER0_A0_ISR (timer)
                                                   simpliciti_get_ed_data_callback (rfsimpliciti)
    -------------------------------------------------------------------------
DATA16_Z
  Relative segment, address: 1CC6 - 1CC7 (0x2 bytes), align: 1
  Segment part 27.            Intra module refs:   display_update
                                                   init_global_variables
                                                   wakeup_event
           ENTRY                   ADDRESS         REF BY
           =====                   =======         ======
           message                 1CC6            TIMER0_A0_ISR (timer)
                                                   sx_alarm (alarm)
    -------------------------------------------------------------------------
DATA16_Z
  Relative segment, address: 1EDA - 1EDA (0x1 bytes), align: 0
  Segment part 28.            Intra module refs:   read_calibration_values
           ENTRY                   ADDRESS         REF BY
           =====                   =======         ======
           rf_frequoffset          1EDA            BRRX_Init_v (BRRX_API)
                                                   MRFI_Init (mrfi)
                                                   sx_bluerobin (bluerobin)
    -------------------------------------------------------------------------
DATA16_Z
  Relative segment, address: 1CC8 - 1CCB (0x4 bytes), align: 1
  Segment part 29.            Intra module refs:   display_update
                                                   init_global_variables
                                                   wakeup_event
           ENTRY                   ADDRESS         REF BY
           =====                   =======         ======
           fptr_lcd_function_line1
                                   1CC8            clear_display_all (display)
                                                   start_simpliciti_sync (rfsimpliciti)
                                                   start_simpliciti_tx_only (rfsimpliciti)
    -------------------------------------------------------------------------
DATA16_Z
  Relative segment, address: 1CCC - 1CCF (0x4 bytes), align: 1
  Segment part 30.            Intra module refs:   display_update
                                                   init_global_variables
                                                   wakeup_event
           ENTRY                   ADDRESS         REF BY
           =====                   =======         ======
           fptr_lcd_function_line2
                                   1CCC            clear_display_all (display)
    -------------------------------------------------------------------------
<CODE> 1 (was CODE)
  Relative segment, address: EA84 - EAB9 (0x36 bytes), align: 1
  Segment part 39.
           ENTRY                   ADDRESS         REF BY
           =====                   =======         ======
           main                    EA84            Segment part 19 (?cstart)
               calls direct
               CSTACK = 00000000 ( 00000004 )
    -------------------------------------------------------------------------
<CODE> 1 (was CODE)
  Relative segment, address: C14C - C20D (0xc2 bytes), align: 1
  Segment part 38.            Intra module refs:   main
           ENTRY                   ADDRESS         REF BY
           =====                   =======         ======
           init_application        C14C 
               calls direct
               CSTACK = 00000000 ( 00000004 )
    -------------------------------------------------------------------------
<CODE> 1 (was CODE)
  Relative segment, address: D280 - D2F9 (0x7a bytes), align: 1
  Segment part 37.            Intra module refs:   main
           ENTRY                   ADDRESS         REF BY
           =====                   =======         ======
           init_global_variables   D280 
               calls direct
               CSTACK = 00000000 ( 00000004 )
    -------------------------------------------------------------------------
<CODE> 1 (was CODE)
  Relative segment, address: A7C8 - A8FF (0x138 bytes), align: 1
  Segment part 36.            Intra module refs:   main
           ENTRY                   ADDRESS         REF BY
           =====                   =======         ======
           wakeup_event            A7C8 
               calls direct and indirect
               CSTACK = 00000000 ( 00000004 )
    -------------------------------------------------------------------------
<CODE> 1 (was CODE)
  Relative segment, address: E3C8 - E40F (0x48 bytes), align: 1
  Segment part 35.            Intra module refs:   main
           ENTRY                   ADDRESS         REF BY
           =====                   =======         ======
           process_requests        E3C8 
               calls direct
               CSTACK = 00000000 ( 00000004 )
    -------------------------------------------------------------------------
<CODE> 1 (was CODE)
  Relative segment, address: A3A8 - A50B (0x164 bytes), align: 1
  Segment part 34.            Intra module refs:   main
           ENTRY                   ADDRESS         REF BY
           =====                   =======         ======
           display_update          A3A8 
               calls direct and indirect
               CSTACK = 00000000 ( 0000000E )
    -------------------------------------------------------------------------
<CODE> 1 (was CODE)
  Relative segment, address: FE1C - FE23 (0x8 bytes), align: 1
  Segment part 32.            Intra module refs:   idle_loop
           ENTRY                   ADDRESS         REF BY
           =====                   =======         ======
           to_lpm                  FE1C            Timer0_A4_Delay (timer)
               CSTACK = 00000000 ( 00000004 )
    -------------------------------------------------------------------------
<CODE> 1 (was CODE)
  Relative segment, address: FC76 - FC81 (0xc bytes), align: 1
  Segment part 33.            Intra module refs:   main
           ENTRY                   ADDRESS         REF BY
           =====                   =======         ======
           idle_loop               FC76            set_value (user)
               calls direct
               CSTACK = 00000000 ( 00000004 )
    -------------------------------------------------------------------------
<CODE> 1 (was CODE)
  Relative segment, address: C20E - C2CF (0xc2 bytes), align: 1
  Segment part 31.            Intra module refs:   init_global_variables
           ENTRY                   ADDRESS         REF BY
           =====                   =======         ======
           read_calibration_values
                                   C20E 
               CSTACK = 00000000 ( 00000012 )
    -------------------------------------------------------------------------
DATA16_C
  Relative segment, address: 81C7 - 81CD (0x7 bytes), align: 0
  Segment part 20.            Intra module refs:   display_update
    -------------------------------------------------------------------------
DATA16_C
  Relative segment, address: 81CE - 81D4 (0x7 bytes), align: 0
  Segment part 21.            Intra module refs:   display_update
    -------------------------------------------------------------------------
DATA16_C
  Relative segment, address: 81D5 - 81DB (0x7 bytes), align: 0
  Segment part 22.            Intra module refs:   display_update
    -------------------------------------------------------------------------
DATA16_C
  Relative segment, address: 81DC - 81E0 (0x5 bytes), align: 0
  Segment part 23.            Intra module refs:   display_update
    -------------------------------------------------------------------------
DATA16_C
  Relative segment, address: 81E1 - 81E5 (0x5 bytes), align: 0
  Segment part 24.            Intra module refs:   display_update

    *************************************************************************

  FILE NAME : C:\Program Files (x86)\ChronosSoftware\eZ430-Chronos\Software Projects\Chronos Watch\IAR\Sports Watch\868MHz - Limited IAR Kickstart (Europe)\Obj\menu.r43
  PROGRAM MODULE, NAME : menu

  SEGMENTS IN THE MODULE
  ======================
DATA16_Z
  Relative segment, address: 1CD0 - 1CD1 (0x2 bytes), align: 1
  Segment part 2.
           ENTRY                   ADDRESS         REF BY
           =====                   =======         ======
           ptrMenu_L1              1CD0            display_update (main)
                                                   init_global_variables (main)
                                                   wakeup_event (main)
    -------------------------------------------------------------------------
DATA16_Z
[...]
  LIBRARY MODULE, NAME : ?FLT_Extract

  SEGMENTS IN THE MODULE
  ======================
<CODE> 1 (was CODE)
  Relative segment, address: E092 - E0DD (0x4c bytes), align: 1
  Segment part 0.
           ENTRY                   ADDRESS         REF BY
           =====                   =======         ======
           ?FLT_Extract            E092            _Cast32fto32u (_Cast32fto32u)

    -------------------------------------------------------------------------
  LIBRARY MODULE, NAME : ?FLT_LT

  SEGMENTS IN THE MODULE
  ======================
<CODE> 1 (was CODE)
  Relative segment, address: DE1A - DE6B (0x52 bytes), align: 1
  Segment part 0.
           ENTRY                   ADDRESS         REF BY
           =====                   =======         ======
           ?FLT_LT                 DE1A            _CmpLt32f (_CmpLt32f)

    -------------------------------------------------------------------------
  LIBRARY MODULE, NAME : _CmpLt32f

  SEGMENTS IN THE MODULE
  ======================
<CODE> 1 (was CODE)
  Relative segment, address: FD7C - FD85 (0xa bytes), align: 1
  Segment part 0.
           ENTRY                   ADDRESS         REF BY
           =====                   =======         ======
           _CmpLt32f               FD7C            conv_pa_to_meter (vti_ps)
                                                   update_pressure_table (vti_ps)

    -------------------------------------------------------------------------
  LIBRARY MODULE, NAME : _Mul32f

  SEGMENTS IN THE MODULE
  ======================
<CODE> 1 (was CODE)
  Relative segment, address: B114 - B223 (0x110 bytes), align: 1
  Segment part 0.
           ENTRY                   ADDRESS         REF BY
           =====                   =======         ======
           _Mul32f                 B114            conv_pa_to_meter (vti_ps)
                                                   display_acceleration (acceleration)
                                                   display_distance (bluerobin)
                                                   display_speed (bluerobin)
                                                   do_altitude_measurement (altitude)
                                                   update_pressure_table (vti_ps)

    -------------------------------------------------------------------------
  LIBRARY MODULE, NAME : _Div32f

  SEGMENTS IN THE MODULE
  ======================
<CODE> 1 (was CODE)
  Relative segment, address: AC96 - ADC5 (0x130 bytes), align: 1
  Segment part 0.
           ENTRY                   ADDRESS         REF BY
           =====                   =======         ======
           _Div32f                 AC96            conv_pa_to_meter (vti_ps)
                                                   update_pressure_table (vti_ps)

    -------------------------------------------------------------------------
  LIBRARY MODULE, NAME : _Add32f

  SEGMENTS IN THE MODULE
  ======================
<CODE> 1 (was CODE)
  Relative segment, address: A50C - A66D (0x162 bytes), align: 1
  Segment part 0.
           ENTRY                   ADDRESS         REF BY
           =====                   =======         ======
           _Add32f                 A510            conv_pa_to_meter (vti_ps)
                                                   display_acceleration (acceleration)
                                                   do_altitude_measurement (altitude)
                                                   update_pressure_table (vti_ps)
           _Sub32f                 A50C            conv_pa_to_meter (vti_ps)
                                                   update_pressure_table (vti_ps)

    -------------------------------------------------------------------------
  LIBRARY MODULE, NAME : ?Mul816

  SEGMENTS IN THE MODULE
  ======================
<CODE> 1 (was CODE)
  Relative segment, address: EC22 - EC53 (0x32 bytes), align: 1
  Segment part 0.
           ENTRY                   ADDRESS         REF BY
           =====                   =======         ======
           ?Mul8                   EC22 
           ?Mul16                  EC26            convert_acceleration_value_to_mgrav (acceleration)
                                                   get_bluerobin_data (bluerobin)
           ?Mul16to32u             EC26 

    -------------------------------------------------------------------------
  LIBRARY MODULE, NAME : ?Mul32

  SEGMENTS IN THE MODULE
  ======================
<CODE> 1 (was CODE)
  Relative segment, address: ED18 - ED47 (0x30 bytes), align: 1
  Segment part 0.
           ENTRY                   ADDRESS         REF BY
           =====                   =======         ======
           ?Mul32                  ED18            convert_ft_to_m (altitude)
                                                   convert_m_to_ft (altitude)
                                                   mx_caldist (bluerobin)
                                                   temperature_measurement (temperature)

    -------------------------------------------------------------------------
  LIBRARY MODULE, NAME : ?DivMod816u

  SEGMENTS IN THE MODULE
  ======================
<CODE> 1 (was CODE)
  Relative segment, address: F5FC - F617 (0x1c bytes), align: 1
  Segment part 0.
           ENTRY                   ADDRESS         REF BY
           =====                   =======         ======
           ?DivMod8u               F5FC 
           ?DivMod16u              F600            Segment part 0 (?DivMod816s)
                                                   battery_measurement (battery)
                                                   display_acceleration (acceleration)
                                                   get_numberOfDays (date)

    -------------------------------------------------------------------------
  LIBRARY MODULE, NAME : ?DivMod816s

  SEGMENTS IN THE MODULE
  ======================
<CODE> 1 (was CODE)
  Relative segment, address: EABA - EAED (0x34 bytes), align: 1
  Segment part 0.
           ENTRY                   ADDRESS         REF BY
           =====                   =======         ======
           ?DivMod8s               EABA 
           ?DivMod16s              EABE            Mrfi_CalculateRssi (mrfi)
                                                   convert_C_to_F (temperature)
                                                   convert_F_to_C (temperature)

    -------------------------------------------------------------------------
  LIBRARY MODULE, NAME : ?DivMod32u

  SEGMENTS IN THE MODULE
  ======================
<CODE> 1 (was CODE)
  Relative segment, address: E9A6 - E9DD (0x38 bytes), align: 1
  Segment part 0.
           ENTRY                   ADDRESS         REF BY
           =====                   =======         ======
           ?DivMod32u              E9A6            ?DivMod32s (?DivMod32s)
                                                   display_calories (bluerobin)
                                                   display_distance (bluerobin)
                                                   itoa (display)
                                                   mx_caldist (bluerobin)

    -------------------------------------------------------------------------
  LIBRARY MODULE, NAME : ?DivMod32s

  SEGMENTS IN THE MODULE
  ======================
<CODE> 1 (was CODE)
  Relative segment, address: E664 - E6A3 (0x40 bytes), align: 1
  Segment part 0.
           ENTRY                   ADDRESS         REF BY
           =====                   =======         ======
           ?DivMod32s              E664            button_repeat_on (ports)
                                                   convert_ft_to_m (altitude)
                                                   convert_m_to_ft (altitude)
                                                   mx_caldist (bluerobin)
                                                   set_value (user)
                                                   temperature_measurement (temperature)

    -------------------------------------------------------------------------
  LIBRARY MODULE, NAME : ?ShiftLeft32

  SEGMENTS IN THE MODULE
  ======================
<CODE> 1 (was CODE)
  Relative segment, address: F5E0 - F5FB (0x1c bytes), align: 1
  Segment part 0.
           ENTRY                   ADDRESS         REF BY
           =====                   =======         ======
           ?ShiftLeft32            F5E0            convert_acceleration_value_to_mgrav (acceleration)

    -------------------------------------------------------------------------
  LIBRARY MODULE, NAME : ?ShiftRight32u

  SEGMENTS IN THE MODULE
  ======================
<CODE> 1 (was CODE)
  Relative segment, address: F4C0 - F4DD (0x1e bytes), align: 1
  Segment part 0.
           ENTRY                   ADDRESS         REF BY
           =====                   =======         ======
           ?ShiftRight32u          F4C0            convert_acceleration_value_to_mgrav (acceleration)

    -------------------------------------------------------------------------
  LIBRARY MODULE, NAME : ?memcmp

  SEGMENTS IN THE MODULE
  ======================
<CODE> 1 (was CODE)
  Relative segment, address: F348 - F367 (0x20 bytes), align: 1
  Segment part 2.
           ENTRY                   ADDRESS         REF BY
           =====                   =======         ======
           memcmp                  F348            Segment part 18 (nwk)
                                                   dispatchFrame (nwk_frame)
                                                   nwk_QfindOldest (nwk_QMgmt)
                                                   nwk_processMgmt (nwk_mgmt)
               CSTACK = 00000000 ( 00000004 )

    -------------------------------------------------------------------------
  LIBRARY MODULE, NAME : ?memcpy

  SEGMENTS IN THE MODULE
  ======================
<CODE> 1 (was CODE)
  Relative segment, address: FA04 - FA15 (0x12 bytes), align: 1
  Segment part 2.
           ENTRY                   ADDRESS         REF BY
           =====                   =======         ======
           memcpy                  FA04            SMPL_Ioctl (nwk_api)
                                                   SMPL_SendOpt (nwk_api)
                                                   Segment part 14 (nwk_link)
                                                   Segment part 15 (nwk_globals)
                                                   __data16_memcpy (?memzero)
                                                   display_update (main)
                                                   itoa (display)
                                                   nwk_buildFrame (nwk_frame)
                                                   nwk_deviceAddress (nwk_ioctl)
                                                   nwk_join (nwk_join)
                                                   nwk_link (nwk_link)
                                                   nwk_nwkInit (nwk)
                                                   nwk_radioControl (nwk_ioctl)
                                                   nwk_rawSend (nwk_ioctl)
                                                   nwk_retrieveFrame (nwk_frame)
                                                   nwk_sendAckReply (nwk_frame)
                                                   nwk_setAPAddress (nwk_globals)
                                                   reset_stopwatch (stopwatch)
                                                   smpl_send_ping_reply (nwk_ping)
                                                   smpl_send_unlink_reply (nwk_link)
               CSTACK = 00000000 ( 00000004 )

    -------------------------------------------------------------------------
  LIBRARY MODULE, NAME : ?memmove

  SEGMENTS IN THE MODULE
  ======================
<CODE> 1 (was CODE)
  Relative segment, address: EB56 - EB89 (0x34 bytes), align: 1
  Segment part 2.
           ENTRY                   ADDRESS         REF BY
           =====                   =======         ======
           memmove                 EB56            nwk_getNumObjectFromMsg (nwk)
                                                   nwk_putNumObjectIntoMsg (nwk)
               CSTACK = 00000000 ( 00000006 )

    -------------------------------------------------------------------------
  LIBRARY MODULE, NAME : ?CopyMemoryBytes

  SEGMENTS IN THE MODULE
  ======================
<CODE> 1 (was CODE)
  Relative segment, address: FB18 - FB27 (0x10 bytes), align: 1
  Segment part 0.
           ENTRY                   ADDRESS         REF BY
           =====                   =======         ======
           ?CopyMemoryBytes        FB18            MRFI_Receive (mrfi)

    -------------------------------------------------------------------------
  LIBRARY MODULE, NAME : ?memset

  SEGMENTS IN THE MODULE
  ======================
<CODE> 1 (was CODE)
  Relative segment, address: FA4C - FA5D (0x12 bytes), align: 1
  Segment part 2.
           ENTRY                   ADDRESS         REF BY
           =====                   =======         ======
           memset                  FA4C            MRFI_Init (mrfi)
                                                   Segment part 63 (mrfi)
                                                   nwk_QInit (nwk_QMgmt)
                                                   nwk_allocateLocalRxPort (nwk)
                                                   nwk_globalsInit (nwk_globals)
                                                   nwk_linkInit (nwk_link)
                                                   nwk_nwkInit (nwk)
               CSTACK = 00000000 ( 00000004 )

    -------------------------------------------------------------------------
  LIBRARY MODULE, NAME : ?memzero

  SEGMENTS IN THE MODULE
  ======================
<CODE> 1 (was CODE)
  Relative segment, address: F986 - F997 (0x12 bytes), align: 1
  Segment part 4.
           ENTRY                   ADDRESS         REF BY
           =====                   =======         ======
           __data16_memzero        F986            ?cstart_init_zero (?cstart)
               CSTACK = 00000000 ( 00000004 )
    -------------------------------------------------------------------------
<CODE> 1 (was CODE)
  Relative segment, address: FEC8 - FECB (0x4 bytes), align: 1
  Segment part 3.
           ENTRY                   ADDRESS         REF BY
           =====                   =======         ======
           __data16_memcpy         FEC8            ?cstart_init_copy (?cstart)
               calls direct
               CSTACK = 00000000 ( 00000004 )

    -------------------------------------------------------------------------
  LIBRARY MODULE, NAME : ?IndCallR9

  SEGMENTS IN THE MODULE
  ======================
<CODE> 1 (was CODE)
  Relative segment, address: FEC0 - FEC3 (0x4 bytes), align: 1
  Segment part 0.
           ENTRY                   ADDRESS         REF BY
           =====                   =======         ======
           ?IndCallR9              FEC0            set_value (user)

    -------------------------------------------------------------------------
  LIBRARY MODULE, NAME : ?IndCallR15

  SEGMENTS IN THE MODULE
  ======================
<CODE> 1 (was CODE)
  Relative segment, address: FEE8 - FEEB (0x4 bytes), align: 1
  Segment part 0.
           ENTRY                   ADDRESS         REF BY
           =====                   =======         ======
           ?IndCallR15             FEE8            dispatchFrame (nwk_frame)
                                                   display_update (main)
                                                   wakeup_event (main)




                ****************************************
                *                                      *
                *      SEGMENTS IN ADDRESS ORDER       *
                *                                      *
                ****************************************


SEGMENT              SPACE    START ADDRESS   END ADDRESS     SIZE  TYPE  ALIGN
=======              =====    =============   ===========     ====  ====  =====
DATA16_AN                              0102 - 0103               2   rel    0
                                       0120 - 0121               2 
                                       0124 - 0127               4 
                                       012C - 012D               2 
                                       015C - 015D               2 
                                       0160 - 0169               A 
                                       016C - 016F               4 
                                       01B0 - 01B1               2 
                                       01C0 - 01C3               4 
                                       01C8 - 01C9               2 
                                       01D0 - 01D1               2 
                                       0200 - 0207               8 
                                       020A - 020B               2 
                                       0218 - 021D               6 
                                       0222 - 0225               4 
                                       0244 - 0245               2 
                                       024A - 024B               2 
                                       0320 - 0325               6 
                                       0340 - 034B               C 
                                       0350 - 035B               C 
                                       036E - 036F               2 
                                       0380 - 0383               4 
                                       0390 - 0393               4 
                                       05C0 - 05C1               2 
                                       05C6 - 05C7               2 
                                       05CC - 05CC               1 
                                       05CE - 05CE               1 
                                       05DC - 05DD               2 
                                       0700 - 0703               4 
                                       070C - 0710               5 
                                       0720 - 0721               2 
                                       0A00 - 0A01               2 
                                       0A04 - 0A0D               A 
                                       0F02 - 0F03               2 
                                       0F06 - 0F07               2 
                                       0F0C - 0F13               8 
                                       0F20 - 0F23               4 
                                       0F30 - 0F39               A 
DATA16_I                               1C00 - 1C76              77   rel    1
DATA16_Z                               1C78 - 1FF4             37D   rel    1
CSTACK                                 2AFE - 2BFD             100   rel    1
DATA16_C                               8000 - 8614             615   rel    1
DATA16_ID                              8616 - 868C              77   rel    1
CSTART                                 868E - 86BD              30   rel    1
ISR_CODE                               86BE - 8B59             49C   rel    1
<CODE> 1                               8B5A - FEF5            739C   rel    1
INTVEC                                 FF80 - FFF1              72   com    1
RESET                                  FFFE - FFFF               2   rel    1

                ****************************************
                *                                      *
                *        END OF CROSS REFERENCE        *
                *                                      *
                ****************************************

 30 940 bytes of CODE  memory
  1 268 bytes of DATA  memory (+ 157 absolute )
  1 676 bytes of CONST memory

Errors: none
Warnings: none

